Creature\RIDINGPHOENIX\EMBER.BLP

Fonts\ARIALN.ttf
Fonts\FRIZQT__.TTF
Fonts\MORPHEUS.ttf

DBFilesClient\AnimKit.dbc
DBFilesClient\AnimKitBoneSet.dbc
DBFilesClient\AnimKitBoneSetAlias.dbc
DBFilesClient\AnimKitConfig.dbc
DBFilesClient\AnimKitConfigBoneSet.dbc
DBFilesClient\BannedAddOns.dbc
DBFilesClient\Cfg_Categories.dbc
DBFilesClient\Cfg_Configs.dbc
DBFilesClient\Cfg_Regions.dbc
DBFilesClient\CharBaseInfo.dbc
DBFilesClient\CharHairGeosets.dbc
DBFilesClient\CharSections.dbc
DBFilesClient\CharacterFacialHairStyles.dbc
DBFilesClient\ChatProfanity.dbc
DBFilesClient\ChrClasses.dbc
DBFilesClient\ChrRaces.dbc
DBFilesClient\FactionGroup.dbc
DBFilesClient\FactionTemplate.dbc
DBFilesClient\FileData.dbc
DBFilesClient\ItemClass.dbc
DBFilesClient\ItemSubClass.dbc
DBFilesClient\KeyChain.db2
DBFilesClient\Locale.db2
DBFilesClient\Movie.dbc
DBFilesClient\MovieFileData.dbc
DBFilesClient\MovieOverlays.dbc
DBFilesClient\MovieVariation.dbc
DBFilesClient\NamesProfanity.dbc
DBFilesClient\NamesReserved.dbc
DBFilesClient\Resistances.dbc
DBFilesClient\SoundEntries.dbc
DBFilesClient\SoundEntriesAdvanced.dbc
DBFilesClient\SoundFilter.dbc
DBFilesClient\SoundFilterElem.dbc
DBFilesClient\SoundProviderPreferences.dbc
DBFilesClient\SpamMessages.dbc
DBFilesClient\Startup_Strings.dbc
DBFilesClient\VideoHardware.dbc

Environments\Stars\TwilightHighlands_LightNINGA.BLP
Environments\Stars\TwilightsHammerSky_CLOUDMask01.BLP
Environments\Stars\TwilightsHammerSky_Clouds01.BLP
Environments\Stars\TwilightsHammerSky_Clouds02.BLP
Environments\Stars\TwilightsHammerSky_Glow.BLP
Environments\Stars\TwilightsHammerSky_TOPVORTEX.BLP
Interface\Buttons\ButtonHilight-Square.blp
Interface\Buttons\UI-CheckBox-Check.blp
Interface\Buttons\UI-CheckBox-Check-Disabled.blp
Interface\Buttons\UI-CheckBox-Down.blp
Interface\Buttons\UI-CheckBox-Highlight.blp
Interface\Buttons\UI-CheckBox-Up.blp
Interface\Buttons\UI-Common-MouseHilight.blp
Interface\Buttons\UI-EmptySlot.blp
Interface\Buttons\UI-GuildButton-PublicNote-Up.blp
Interface\Buttons\UI-MinusButton-DOWN.blp
Interface\Buttons\UI-MinusButton-UP.blp
Interface\Buttons\UI-PaidCharacterCustomization-Button.blp
Interface\Buttons\UI-Panel-Button-Disabled.blp
Interface\Buttons\UI-Panel-Button-Down.blp
Interface\Buttons\UI-Panel-Button-Highlight.blp
Interface\Buttons\UI-Panel-Button-Up.blp
Interface\Buttons\UI-Panel-MinimizeButton-Down.blp
Interface\Buttons\UI-Panel-MinimizeButton-Highlight.blp
Interface\Buttons\UI-Panel-MinimizeButton-Up.blp
Interface\Buttons\UI-PlusButton-Hilight.blp
Interface\Buttons\UI-ScrollBar-Knob.blp
Interface\Buttons\UI-ScrollBar-ScrollDownButton-Disabled.blp
Interface\Buttons\UI-ScrollBar-ScrollDownButton-Down.blp
Interface\Buttons\UI-ScrollBar-ScrollDownButton-Highlight.blp
Interface\Buttons\UI-ScrollBar-ScrollDownButton-Up.blp
Interface\Buttons\UI-ScrollBar-ScrollUpButton-Disabled.blp
Interface\Buttons\UI-ScrollBar-ScrollUpButton-Down.blp
Interface\Buttons\UI-ScrollBar-ScrollUpButton-Highlight.blp
Interface\Buttons\UI-ScrollBar-ScrollUpButton-Up.blp
Interface\Buttons\UI-SliderBar-Background.blp
Interface\Buttons\UI-SliderBar-Border.blp
Interface\Buttons\UI-SliderBar-Button-Horizontal.blp
Interface\Buttons\UI-SortArrow.blp
Interface\Buttons\UI-SpellbookIcon-NextPage-Up.blp
Interface\ChatFrame\ChatFrameColorSwatch.blp
Interface\ChatFrame\ChatFrameExpandArrow.blp
Interface\ChatFrame\UI-ChatIcon-ScrollDown-Disabled.blp
Interface\ChatFrame\UI-ChatIcon-ScrollDown-Down.blp
Interface\ChatFrame\UI-ChatIcon-ScrollDown-Up.blp
Interface\ChatFrame\UI-ChatIcon-ScrollUp-Disabled.blp
Interface\ChatFrame\UI-ChatIcon-ScrollUp-Down.blp
Interface\ChatFrame\UI-ChatIcon-ScrollUp-Up.blp
Interface\ChatFrame\UI-ChatInputBorder-Left.blp
Interface\ChatFrame\UI-ChatInputBorder-Right.blp
Interface\Common\Common-Input-Border.blp
Interface\Common\Lang-Alerts.blp
Interface\Common\Lang-Languages.blp
Interface\Common\Lang-Regions.blp
Interface\COMMON\StreamBackground.blp
Interface\COMMON\StreamCircle.blp
Interface\COMMON\StreamFrame.blp
Interface\COMMON\StreamSpark.blp
Interface\Common\UI-DropDownRadioChecks.blp
Interface\DialogFrame\UI-DialogBox-Background.blp
Interface\DialogFrame\UI-DialogBox-Border.blp
Interface\DialogFrame\UI-DialogBox-Header.blp
Interface\DialogFrame\UI-Dialog-Icon-AlertNew.blp
Interface\FriendsFrame\WhoFrame-ColumnTabs.blp
Interface\FrameXML\GraphicsQualityLevels.lua
Interface\FrameXML\VideoOptionsPanels.lua
Interface\FrameXML\VideoOptionsPanels.xml
Interface\FrameXML\Util.lua
Interface\Glues\CharacterCreate\AlternateForm.blp
Interface\Glues\CharacterCreate\CharacterCreate-LabelFrame.blp
Interface\Glues\CharacterCreate\UI-CharacterCreate-Banners.blp
Interface\Glues\CharacterCreate\UI-CharacterCreate-Classes.blp
Interface\Glues\CharacterCreate\UI-CharacterCreate-Gender.blp
Interface\Glues\CharacterCreate\UI-CharacterCreate-Highlights.blp
Interface\Glues\CharacterCreate\UI-CharacterCreate-IconShadow.blp
Interface\Glues\CharacterCreate\UI-CharacterCreate-InfoBox.blp
Interface\Glues\CharacterCreate\UI-CharacterCreate-OuterBorder.blp
Interface\Glues\CharacterCreate\UI-CharacterCreate-Races.blp
Interface\Glues\CharacterCreate\UI-CharacterCreate-RacesRound.blp
Interface\Glues\CharacterCreate\UI-RotationRight-Big-Down.blp
Interface\Glues\CharacterCreate\UI-RotationRight-Big-Up.blp
Interface\Glues\CharacterSelect\Glue-CharacterSelect-Highlight.blp
Interface\Glues\CharacterSelect\Glue-CharacterSelect-Hover.blp
Interface\Glues\CharacterSelect\Glue-Char-Down.blp
Interface\Glues\CharacterSelect\Glue-Char-Down-Glow.blp
Interface\Glues\CharacterSelect\Glue-Char-Up.blp
Interface\Glues\CharacterSelect\Glue-Char-Up-Glow.blp
Interface\Glues\CharacterSelect\Glues-AddOn-Icons.blp
Interface\Glues\Common\cinematicbuttons.blp
Interface\Glues\Common\Glue-LeftArrow-Button-Down.blp
Interface\Glues\Common\Glue-LeftArrow-Button-Highlight.blp
Interface\Glues\Common\Glue-LeftArrow-Button-Up.blp
Interface\Glues\Common\Glue-Panel-Button-Disabled.blp
Interface\Glues\Common\Glue-Panel-Button-Down.blp
Interface\Glues\Common\Glue-Panel-Button-Glow.blp
Interface\Glues\Common\Glue-Panel-Button-Highlight.blp
Interface\Glues\Common\Glue-Panel-Button-Up.blp
Interface\Glues\Common\Glue-RightArrow-Button-Down.blp
Interface\Glues\Common\Glue-RightArrow-Button-Highlight.blp
Interface\Glues\Common\Glue-RightArrow-Button-Up.blp
Interface\Glues\Common\Glues-WoW-CCLogo.blp
Interface\Glues\Common\Glue-Tooltip-Background.blp
Interface\Glues\Common\Glue-Tooltip-Border.blp
Interface\Cursor\Point.blp

# TBD: We should not load these textures during client initialization
Interface\Glues\Credits\Border1.blp
Interface\Glues\Credits\Parchment1.blp
Interface\Glues\Credits\Parchment2.blp
Interface\Glues\Credits\Parchment3.blp
Interface\Glues\Credits\Parchment4.blp
Interface\Glues\Credits\Parchment5.blp
Interface\Glues\Credits\Parchment6.blp
Interface\Glues\Credits\Parchment7.blp
Interface\Glues\Credits\Parchment8.blp

Interface\Glues\loading.blp
Interface\Glues\LoadingBar\Loading-BarBorder.blp
Interface\Glues\LoadingBar\Loading-BarFill.blp
Interface\Glues\Login\Glues-TOS-TopRight.blp
Interface\Glues\Login\UI-BackArrow.blp
Interface\Glues\Mainmenu\Glues-BlizzardLogo.blp
Interface\Glues\Models\UI_Alliance_LowRes\UI_Alliance_lowres.m2
Interface\Glues\Models\UI_Alliance_LowRes\UI_Alliance_lowres_02.blp
Interface\Glues\Models\UI_Alliance_LowRes\UI_Alliance_lowres00.skin
Interface\Glues\Models\UI_Horde_LowRes\UI_Horde_lowres.m2
Interface\Glues\Models\UI_Horde_LowRes\UI_Horde_lowres_02.blp
Interface\Glues\Models\UI_Horde_LowRes\UI_Horde_lowres00.skin
Interface\Glues\Models\UI_PandarenCharacterSelect_LowRes\UI_PandarenCharacterSelect_lowres.m2
Interface\Glues\Models\UI_PandarenCharacterSelect_LowRes\UI_PandarenCharacterSelect_lowres_04.blp
Interface\Glues\Models\UI_PandarenCharacterSelect_LowRes\UI_PandarenCharacterSelect_lowres00.skin

# Low bandwidth login screen
Interface\Glues\Models\UI_MainMenu_LowBandwidth\UI_MainMenu_Cata_LowBandwidth.m2
Interface\Glues\Models\UI_MainMenu_LowBandwidth\UI_Mainmenu_Cataclysm_Low.blp
Interface\Glues\Models\UI_MainMenu_LowBandwidth\UI_MainMenu_LowBandwidth.M2
Interface\Glues\Models\UI_MainMenu_LowBandwidth\UI_MainMenu_LowBandwidth00.skin

# High bandwidth login screen
#Interface\Glues\Models\UI_MainMenu_Cataclysm\UI_MainMenu_Cataclysm.m2
#Interface\Glues\Models\UI_MainMenu_Cataclysm\UI_MainMenu_Cataclysm00.skin
#Interface\Glues\Models\UI_MainMenu_Cataclysm\UI_MainMenu_Cataclysm01.skin
#Interface\Glues\Models\UI_MainMenu_Cataclysm\UI_MainMenu_Cataclysm02.skin
#Interface\Glues\Models\UI_MainMenu_Cataclysm\UI_MainMenu_Cataclysm03.skin
#Interface\Glues\Models\UI_MainMenu_Cataclysm\UI_STRMWND_WINDOW03_NITE.BLP
#Interface\Glues\Models\UI_MainMenu_Cataclysm\UI_STRMWND_STONETRIM02C_NITE.BLP
#Interface\Glues\Models\UI_MainMenu_Cataclysm\UI_STRMWND_STONEWALL01A_NITE.BLP
#Interface\Glues\Models\UI_MainMenu_Cataclysm\UI_STRMWND_LAVAWALL01_NITE.BLP
#Interface\Glues\Models\UI_MainMenu_Cataclysm\UI_STRMWND_STONETRIM02_NITE.BLP
#Interface\Glues\Models\UI_MainMenu_Cataclysm\UI_STRMWND_STONEWALL01_NITE.BLP
#Interface\Glues\Models\UI_MainMenu_Cataclysm\UI_STRMWND_STONETRIM01_NITE.BLP
#Interface\Glues\Models\UI_MainMenu_Cataclysm\UI_STRMWND_STONEBRICKS03B_NITE.BLP
#Interface\Glues\Models\UI_MainMenu_Cataclysm\UI_STRMWND_WINDOW02A_NITE.BLP
#Interface\Glues\Models\UI_MainMenu_Cataclysm\UI_STRMWND_STONE_BRICKS_03BURNED.BLP
#Interface\Glues\Models\UI_MainMenu_Cataclysm\UI_STRMWND_STONEWALL01C_NITE.BLP
#Interface\Glues\Models\UI_MainMenu_Cataclysm\UI_STRMWND_STONETRIM01D_NITE.BLP
#Interface\Glues\Models\UI_MainMenu_Cataclysm\UI_STRMWND_STONETRIM02E_NITE.BLP
#Interface\Glues\Models\UI_MainMenu_Cataclysm\UI_STRMWND_STONEWALL01B_NITE.BLP
#Interface\Glues\Models\UI_MainMenu_Cataclysm\UI_STRMWND_STONETRIM01E_NITE.BLP
#Interface\Glues\Models\UI_MainMenu_Cataclysm\UI_STRMWND_STONETRIM02F_NITE.BLP
#Interface\Glues\Models\UI_MainMenu_Cataclysm\UI_STRMWND_STONETRIM01B_NITE.BLP
#Interface\Glues\Models\UI_MainMenu_Cataclysm\UI_STRMWND_STONEWALL01D_NITE.BLP
#Interface\Glues\Models\UI_MainMenu_Cataclysm\UI_STRMWND_STONE_BRICKS_04.BLP
#Interface\Glues\Models\UI_MainMenu_Cataclysm\UI_STRMWND_STONETRIM01A_NITE.BLP
#Interface\Glues\Models\UI_MainMenu_Cataclysm\UI_STRMWND_STONETRIM01C_NITE.BLP
#Interface\Glues\Models\UI_MainMenu_Cataclysm\UI_STRMWND_STONETRIM02G_NITE.BLP
#Interface\Glues\Models\UI_MainMenu_Cataclysm\UI_STRMWND_STONETRIM02B_NITE.BLP
#Interface\Glues\Models\UI_MainMenu_Cataclysm\UI_STRMWND_WINDOW_04_BROKEN_01.BLP
#Interface\Glues\Models\UI_MainMenu_Cataclysm\UI_STRMWND_WINDOW_04_BROKEN_02.BLP
#Interface\Glues\Models\UI_MainMenu_Cataclysm\UI_STRMWND_STONE_TRIM_03.BLP
#Interface\Glues\Models\UI_MainMenu_Cataclysm\UI_STRMWND_WINDOW_04_BROKEN_04.BLP
#Interface\Glues\Models\UI_MainMenu_Cataclysm\UI_STRMWND_WOOD_WALL_02.BLP
#Interface\Glues\Models\UI_MainMenu_Cataclysm\UI_STRMWND_WOOD_WALL_04.BLP
#Interface\Glues\Models\UI_MainMenu_Cataclysm\UI_STRMWND_WINDOW05_NITE.BLP
#Interface\Glues\Models\UI_MainMenu_Cataclysm\UI_STRMWND_ROOF02_NITE.BLP
#Interface\Glues\Models\UI_MainMenu_Cataclysm\UI_STRMWND_ROOF01A_NITE.BLP
#Interface\Glues\Models\UI_MainMenu_Cataclysm\UI_STRMWND_STONEWALL03_NITE.BLP
#Interface\Glues\Models\UI_MainMenu_Cataclysm\UI_STRMWND_STONETRIM03A_NITE.BLP
#Interface\Glues\Models\UI_MainMenu_Cataclysm\UI_STRMWND_ROOF01_NITE.BLP
#Interface\Glues\Models\UI_MainMenu_Cataclysm\UI_STRMWND_STONETRIM03_NITE.BLP
#Interface\Glues\Models\UI_MainMenu_Cataclysm\UI_STRMWND_STONETRIM02A_NITE.BLP
#Interface\Glues\Models\UI_MainMenu_Cataclysm\UI_STRMWND_PHACADE01_NITE.BLP
#Interface\Glues\Models\UI_MainMenu_Cataclysm\UI_ORANGEGLOW.BLP
#Interface\Glues\Models\UI_Worgen\UI_Worgen_Moonglow.blp
#Interface\Glues\Models\UI_MainMenu_Cataclysm\UI_STRMWND_HUGESMOKE_01.BLP
#Interface\Glues\Models\UI_MainMenu_Cataclysm\UI_STRMWND_HUGESMOKE_MASK.BLP
#Interface\Glues\Models\UI_MainMenu_Cataclysm\UI_STRMWND_FAKESHADOW01.BLP
#Interface\Glues\Models\UI_MainMenu_Cataclysm\UI_STRMWND_SQUARE_LIGHT_01.BLP
#Interface\Glues\Models\UI_MainMenu_Cataclysm\UI_STRMWND_HUGESMOKE01_NITE.BLP
#Interface\Glues\Models\UI_MainMenu_Cataclysm\UI_STRMWND_HUGESMOKE02_NITE.BLP
#Interface\Glues\Models\UI_MainMenu_Cataclysm\UI_STRMWND_FLAG02_NITE.BLP
#Interface\Glues\Models\UI_MainMenu_Cataclysm\UI_DEATHWING2.BLP
#Interface\Glues\Models\UI_MainMenu_Cataclysm\UI_DEATHWING_WINGS.BLP
#Interface\Glues\Models\UI_MainMenu_Cataclysm\UI_DW_THROAT_01.BLP
#Interface\Glues\Models\UI_MainMenu_Cataclysm\UI_DEATHWING1.BLP
#Interface\Glues\Models\UI_MainMenu_Cataclysm\UI_DEATHWING_HANDS.BLP
#WORLD\GENERIC\HUMAN\PASSIVE DOODADS\FIREWOOD\FLAMELICKSMALLBLUE.BLP
#WORLD\GENERIC\TROLL\PASSIVE DOODADS\ARCH\T_VFX_GLOW01.BLP
#Interface\Glues\Models\UI_MainMenu_Cataclysm\UI_STRMWND_STONETRIM02D_NITE.BLP
#Interface\Glues\Models\UI_MainMenu_Cataclysm\STORMWIND_BURNTRIM.BLP
#Interface\Glues\Models\UI_MainMenu_Cataclysm\UI_SKYSHOT02.BLP
#Interface\Glues\Models\UI_MainMenu_Cataclysm\UI_SKYSHOT01_NITE.BLP
        
Interface\GlueXML\AccountLogin.lua
Interface\GlueXML\AccountLogin.xml
Interface\GlueXML\AddonList.lua
Interface\GlueXML\AddonList.xml
Interface\GlueXML\AudioOptionsFrame.lua
Interface\GlueXML\AudioOptionsFrame.xml
Interface\GlueXML\AudioOptionsPanels.lua
Interface\GlueXML\AudioOptionsPanels.xml
Interface\GlueXML\CharacterCreate.lua
Interface\GlueXML\CharacterCreate.xml
Interface\GlueXML\CharacterSelect.lua
Interface\GlueXML\CharacterSelect.xml
Interface\GlueXML\CreditsFrame.lua
Interface\GlueXML\CreditsFrame.xml
Interface\GlueXML\GlueBasicControls.xml
Interface\GlueXML\GlueButtons.lua
Interface\GlueXML\GlueButtons.xml
Interface\GlueXML\GlueDialog.lua
Interface\GlueXML\GlueDialog.xml
Interface\GlueXML\GlueDropDownMenu.lua
Interface\GlueXML\GlueDropDownMenu.xml
Interface\GlueXML\GlueDropDownMenuTemplates.xml
Interface\GlueXML\GlueFonts.xml
Interface\GlueXML\GlueFontStyles.xml
Interface\GlueXML\GlueLocalization.lua
Interface\GlueXML\GlueLocalization.xml
Interface\GlueXML\GlueLocalizationPost.lua
Interface\GlueXML\GlueLocalizationPost.xml
Interface\GlueXML\GlueParent.lua
Interface\GlueXML\GlueParent.xml
Interface\GlueXML\GlueSplash.xml
Interface\GlueXML\GlueStrings.lua
Interface\GlueXML\GlueTemplates.lua
Interface\GlueXML\GlueTemplates.xml
Interface\GlueXML\GlueTooltip.lua
Interface\GlueXML\GlueTooltip.xml
Interface\GlueXML\GlueXML.toc
Interface\GlueXML\GlueXML.toc.sig
Interface\GlueXML\MovieFrame.lua
Interface\GlueXML\MovieFrame.xml
Interface\GlueXML\OptionsFrameTemplates.lua
Interface\GlueXML\OptionsFrameTemplates.xml
Interface\GlueXML\OptionsPanelTemplates.lua
Interface\GlueXML\OptionsPanelTemplates.xml
Interface\GlueXML\OptionsSelect.lua
Interface\GlueXML\OptionsSelect.xml
Interface\GlueXML\PatchDownload.lua
Interface\GlueXML\PatchDownload.xml
Interface\GlueXML\RealmList.lua
Interface\GlueXML\RealmList.xml
Interface\GlueXML\RealmWizard.lua
Interface\GlueXML\RealmWizard.xml
Interface\GlueXML\SecurityMatrix.lua
Interface\GlueXML\SecurityMatrix.xml
Interface\GlueXML\TrialConvert.lua
Interface\GlueXML\TrialConvert.xml
Interface\GlueXML\VideoOptionsFrame.lua
Interface\GlueXML\VideoOptionsFrame.xml
Interface\GlueXML\VideoOptionsPanels.lua
Interface\GlueXML\VideoOptionsPanels.xml
Interface\GossipFrame\AvailableQuestIcon.blp
Interface\GuildFrame\GuildInspect-Parts.blp
Interface\HelpFrame\HelpFrame-BotLeft.blp
Interface\HelpFrame\HelpFrame-BotLeftBig.blp
Interface\HelpFrame\HelpFrame-BotRight.blp
Interface\HelpFrame\HelpFrame-BotRightBig.blp
Interface\HelpFrame\HelpFrame-Bottom.blp
Interface\HelpFrame\HelpFrame-BottomBig.blp
Interface\HelpFrame\HelpFrameButton-Highlight.blp
Interface\HelpFrame\HelpFrameDivider.blp
Interface\HelpFrame\HelpFrameTab-Active.blp
Interface\HelpFrame\HelpFrameTab-Inactive.blp
Interface\HelpFrame\HelpFrame-Top.blp
Interface\HelpFrame\HelpFrame-TopLeft.blp
Interface\HelpFrame\HelpFrame-TopRight.blp
Interface\OptionsFrame\21stepgrayscale.blp
Interface\OptionsFrame\UI-OptionsFrame-Spacer.blp

# TBD: We'd like to load the paperdoll assets in the background
Interface\PaperDollInfoFrame\UI-Character-ActiveTab.blp
Interface\PaperDollInfoFrame\UI-Character-InActiveTab.blp
Interface\PaperDollInfoFrame\UI-Character-ScrollBar.blp
Interface\PaperDollInfoFrame\UI-Character-Tab-Highlight.blp
Interface\PaperDollInfoFrame\UI-Character-Tab-RealHighlight.blp
Interface\QuestFrame\UI-QuestLogTitleHighlight.blp
Interface\QuestFrame\UI-QuestTitleHighlight.blp
Interface\TargetingFrame\UI-Classes-Circles.blp
Interface\TimeManager\FFButton.blp
Interface\TimeManager\PauseButton.blp
Interface\TimeManager\RWButton.blp
Interface\Tooltips\UI-Tooltip-Background.blp
Interface\Tooltips\UI-Tooltip-Border.blp
Interface\TutorialFrame\TutorialFrameBackground.blp
Interface\TutorialFrame\TutorialFrameBorder.blp
Interface\TutorialFrame\TutorialFrameBorder.blp

ITEM\ObjectComponents\WEAPON\BUILDING_BASE1_ALPHA.BLP
ITEM\ObjectComponents\WEAPON\FLARE.BLP

# Shaders
Shaders/Effects/LitSphere.wfx
Shaders/Effects/MapObj.wfx
Shaders/Effects/Model2.wfx
Shaders/Effects/Particle.wfx
Shaders/Effects/ShadowMonk.wfx
Shaders/Geometry/gs_4_0/sandpoint.bls
Shaders/Geometry/gs_4_0/snowpoint.bls
Shaders/Geometry/gs_5_0/sandpoint.bls
Shaders/Geometry/gs_5_0/snowpoint.bls
Shaders/Pixel/arbfp1/AvatarOpaque.bls
Shaders/Pixel/arbfp1/AvatarTransparent.bls
Shaders/Pixel/arbfp1/Barrier.bls
Shaders/Pixel/arbfp1/ClearDisplMap.bls
Shaders/Pixel/arbfp1/Combiners_Mod.bls
Shaders/Pixel/arbfp1/Combiners_Mod_Add.bls
Shaders/Pixel/arbfp1/Combiners_Mod_AddAlpha.bls
Shaders/Pixel/arbfp1/Combiners_Mod_AddAlpha_Alpha.bls
Shaders/Pixel/arbfp1/Combiners_Mod_AddAlpha_Wgt.bls
Shaders/Pixel/arbfp1/Combiners_Mod_AddNA.bls
Shaders/Pixel/arbfp1/Combiners_Mod_Add_Alpha.bls
Shaders/Pixel/arbfp1/Combiners_Mod_Depth.bls
Shaders/Pixel/arbfp1/Combiners_Mod_Dual_Crossfade.bls
Shaders/Pixel/arbfp1/Combiners_Mod_Masked_Dual_Crossfade.bls
Shaders/Pixel/arbfp1/Combiners_Mod_Mod.bls
Shaders/Pixel/arbfp1/Combiners_Mod_Mod2x.bls
Shaders/Pixel/arbfp1/Combiners_Mod_Mod2xNA.bls
Shaders/Pixel/arbfp1/Combiners_Mod_Opaque.bls
Shaders/Pixel/arbfp1/Combiners_Opaque.bls
Shaders/Pixel/arbfp1/Combiners_Opaque_AddAlpha.bls
Shaders/Pixel/arbfp1/Combiners_Opaque_AddAlpha_Alpha.bls
Shaders/Pixel/arbfp1/Combiners_Opaque_AddAlpha_Wgt.bls
Shaders/Pixel/arbfp1/Combiners_Opaque_Alpha.bls
Shaders/Pixel/arbfp1/Combiners_Opaque_Alpha_Alpha.bls
Shaders/Pixel/arbfp1/Combiners_Opaque_Mod.bls
Shaders/Pixel/arbfp1/Combiners_Opaque_Mod2x.bls
Shaders/Pixel/arbfp1/Combiners_Opaque_Mod2xNA.bls
Shaders/Pixel/arbfp1/Combiners_Opaque_Mod2xNA_Alpha.bls
Shaders/Pixel/arbfp1/Combiners_Opaque_Mod2xNA_Alpha_3s.bls
Shaders/Pixel/arbfp1/Combiners_Opaque_Mod2xNA_Alpha_Add.bls
Shaders/Pixel/arbfp1/Combiners_Opaque_Mod2xNA_Alpha_Alpha.bls
Shaders/Pixel/arbfp1/Combiners_Opaque_Mod2xNA_Alpha_UnshAlpha.bls
Shaders/Pixel/arbfp1/Combiners_Opaque_ModNA_Alpha.bls
Shaders/Pixel/arbfp1/Combiners_Opaque_Mod_Add_Wgt.bls
Shaders/Pixel/arbfp1/Combiners_Opaque_Opaque.bls
Shaders/Pixel/arbfp1/DebugDraw.bls
Shaders/Pixel/arbfp1/Default_P.bls
Shaders/Pixel/arbfp1/Default_PC.bls
Shaders/Pixel/arbfp1/Default_PCT.bls
Shaders/Pixel/arbfp1/Default_PN.bls
Shaders/Pixel/arbfp1/Default_PNC.bls
Shaders/Pixel/arbfp1/Default_PNCT.bls
Shaders/Pixel/arbfp1/Default_PNCT2.bls
Shaders/Pixel/arbfp1/Default_PNT.bls
Shaders/Pixel/arbfp1/Default_PT.bls
Shaders/Pixel/arbfp1/Desaturate.bls
Shaders/Pixel/arbfp1/DetailDoodad.bls
Shaders/Pixel/arbfp1/DNClouds.bls
Shaders/Pixel/arbfp1/DNGlare.bls
Shaders/Pixel/arbfp1/DNGlareQuery.bls
Shaders/Pixel/arbfp1/DNPlanet.bls
Shaders/Pixel/arbfp1/DNSky.bls
Shaders/Pixel/arbfp1/FFXBox4.bls
Shaders/Pixel/arbfp1/FFXColorShift.bls
Shaders/Pixel/arbfp1/FFXComposite.bls
Shaders/Pixel/arbfp1/FFXDeath.bls
Shaders/Pixel/arbfp1/FFXFogCombine.bls
Shaders/Pixel/arbfp1/FFXFogSeed.bls
Shaders/Pixel/arbfp1/FFXGauss4.bls
Shaders/Pixel/arbfp1/FFXGlow.bls
Shaders/Pixel/arbfp1/FFXGlowFade.bls
Shaders/Pixel/arbfp1/FFXGlowWave.bls
Shaders/Pixel/arbfp1/FFXNetherBlur.bls
Shaders/Pixel/arbfp1/FFXNetherCombine.bls
Shaders/Pixel/arbfp1/FFXPropagateFog.bls
Shaders/Pixel/arbfp1/FFXSubmarineWindow.bls
Shaders/Pixel/arbfp1/FFXUnderWaterHigh.bls
Shaders/Pixel/arbfp1/FFXUnderWaterLow.bls
Shaders/Pixel/arbfp1/FFXWaterWindow.bls
Shaders/Pixel/arbfp1/FootPrint.bls
Shaders/Pixel/arbfp1/FourTapBlur.bls
Shaders/Pixel/arbfp1/Gauss5x5.bls
Shaders/Pixel/arbfp1/GodRay.bls
Shaders/Pixel/arbfp1/Guild.bls
Shaders/Pixel/arbfp1/Guild_NoBorder.bls
Shaders/Pixel/arbfp1/Guild_Opaque.bls
Shaders/Pixel/arbfp1/Illum.bls
Shaders/Pixel/arbfp1/Lightning.bls
Shaders/Pixel/arbfp1/LiquidDebug.bls
Shaders/Pixel/arbfp1/LiquidFog.bls
Shaders/Pixel/arbfp1/LitSphere_Additive_Opaque.bls
Shaders/Pixel/arbfp1/LitSphere_Additive_Transparent.bls
Shaders/Pixel/arbfp1/Magma.bls
Shaders/Pixel/arbfp1/MapObjAdditiveMaskedEnvMetal.bls
Shaders/Pixel/arbfp1/MapObjDiffuse.bls
Shaders/Pixel/arbfp1/MapObjDiffuseEmissive.bls
Shaders/Pixel/arbfp1/MapObjEnv.bls
Shaders/Pixel/arbfp1/MapObjEnvMetal.bls
Shaders/Pixel/arbfp1/MapObjEnvMetalEmissive.bls
Shaders/Pixel/arbfp1/MapObjMaskedEnvMetal.bls
Shaders/Pixel/arbfp1/MapObjMetal.bls
Shaders/Pixel/arbfp1/MapObjOpaque.bls
Shaders/Pixel/arbfp1/MapObjSpecular.bls
Shaders/Pixel/arbfp1/MapObjTwoLayerDiffuse.bls
Shaders/Pixel/arbfp1/MapObjTwoLayerDiffuseEmissive.bls
Shaders/Pixel/arbfp1/MapObjTwoLayerDiffuseOpaque.bls
Shaders/Pixel/arbfp1/MapObjTwoLayerEnvMetal.bls
Shaders/Pixel/arbfp1/MapObjTwoLayerTerrain.bls
Shaders/Pixel/arbfp1/MediumMercury.bls
Shaders/Pixel/arbfp1/MediumWater.bls
Shaders/Pixel/arbfp1/MediumWaterBelow.bls
Shaders/Pixel/arbfp1/Mercury.bls
Shaders/Pixel/arbfp1/Minimap.bls
Shaders/Pixel/arbfp1/PassThrough.bls
Shaders/Pixel/arbfp1/PerturbDisplMap.bls
Shaders/Pixel/arbfp1/PerturbDisplMapMesh.bls
Shaders/Pixel/arbfp1/PrepassClip.bls
Shaders/Pixel/arbfp1/PrepassFade.bls
Shaders/Pixel/arbfp1/PrepassMapObjLow.bls
Shaders/Pixel/arbfp1/PrepassSolid.bls
Shaders/Pixel/arbfp1/PrepassSolidFlat.bls
Shaders/Pixel/arbfp1/ProcMagma.bls
Shaders/Pixel/arbfp1/ProjTex2D.bls
Shaders/Pixel/arbfp1/PropagateDisplMap.bls
Shaders/Pixel/arbfp1/sandpoint.bls
Shaders/Pixel/arbfp1/ShadowMapSL.bls
Shaders/Pixel/arbfp1/ShadowMonk.bls
Shaders/Pixel/arbfp1/ShadowMonkOpaque.bls
Shaders/Pixel/arbfp1/ShadowMonkTransparent.bls
Shaders/Pixel/arbfp1/snowpoint.bls
Shaders/Pixel/arbfp1/SSAO.bls
Shaders/Pixel/arbfp1/StretchRect.bls
Shaders/Pixel/arbfp1/SunShaftsMask.bls
Shaders/Pixel/arbfp1/SunShaftsPropagate.bls
Shaders/Pixel/arbfp1/Terrain.bls
Shaders/Pixel/arbfp1/TerrainBake.bls
Shaders/Pixel/arbfp1/TerrainBake_ff_ps.bls
Shaders/Pixel/arbfp1/TerrainSM.bls
Shaders/Pixel/arbfp1/TerrainTexture.bls
Shaders/Pixel/arbfp1/TerrainTexture_ff_ps.bls
Shaders/Pixel/arbfp1/Terrain_ff_ps.bls
Shaders/Pixel/arbfp1/UI.bls
Shaders/Pixel/arbfp1/Water.bls
Shaders/Pixel/arbfp1/WaterFogPoly.bls
Shaders/Pixel/arbfp1/WaterNoSpec.bls
Shaders/Pixel/arbfp1/WaterRipples.bls
Shaders/Pixel/arbfp1/WeaponTrails.bls
Shaders/Pixel/fp40/AvatarOpaque.bls
Shaders/Pixel/fp40/AvatarTransparent.bls
Shaders/Pixel/fp40/Barrier.bls
Shaders/Pixel/fp40/ClearDisplMap.bls
Shaders/Pixel/fp40/Combiners_Mod.bls
Shaders/Pixel/fp40/Combiners_Mod_Add.bls
Shaders/Pixel/fp40/Combiners_Mod_AddAlpha.bls
Shaders/Pixel/fp40/Combiners_Mod_AddAlpha_Alpha.bls
Shaders/Pixel/fp40/Combiners_Mod_AddAlpha_Wgt.bls
Shaders/Pixel/fp40/Combiners_Mod_AddNA.bls
Shaders/Pixel/fp40/Combiners_Mod_Add_Alpha.bls
Shaders/Pixel/fp40/Combiners_Mod_Depth.bls
Shaders/Pixel/fp40/Combiners_Mod_Dual_Crossfade.bls
Shaders/Pixel/fp40/Combiners_Mod_Masked_Dual_Crossfade.bls
Shaders/Pixel/fp40/Combiners_Mod_Mod.bls
Shaders/Pixel/fp40/Combiners_Mod_Mod2x.bls
Shaders/Pixel/fp40/Combiners_Mod_Mod2xNA.bls
Shaders/Pixel/fp40/Combiners_Mod_Opaque.bls
Shaders/Pixel/fp40/Combiners_Opaque.bls
Shaders/Pixel/fp40/Combiners_Opaque_AddAlpha.bls
Shaders/Pixel/fp40/Combiners_Opaque_AddAlpha_Alpha.bls
Shaders/Pixel/fp40/Combiners_Opaque_AddAlpha_Wgt.bls
Shaders/Pixel/fp40/Combiners_Opaque_Alpha.bls
Shaders/Pixel/fp40/Combiners_Opaque_Alpha_Alpha.bls
Shaders/Pixel/fp40/Combiners_Opaque_Mod.bls
Shaders/Pixel/fp40/Combiners_Opaque_Mod2x.bls
Shaders/Pixel/fp40/Combiners_Opaque_Mod2xNA.bls
Shaders/Pixel/fp40/Combiners_Opaque_Mod2xNA_Alpha.bls
Shaders/Pixel/fp40/Combiners_Opaque_Mod2xNA_Alpha_3s.bls
Shaders/Pixel/fp40/Combiners_Opaque_Mod2xNA_Alpha_Add.bls
Shaders/Pixel/fp40/Combiners_Opaque_Mod2xNA_Alpha_Alpha.bls
Shaders/Pixel/fp40/Combiners_Opaque_Mod2xNA_Alpha_UnshAlpha.bls
Shaders/Pixel/fp40/Combiners_Opaque_ModNA_Alpha.bls
Shaders/Pixel/fp40/Combiners_Opaque_Mod_Add_Wgt.bls
Shaders/Pixel/fp40/Combiners_Opaque_Opaque.bls
Shaders/Pixel/fp40/DebugDraw.bls
Shaders/Pixel/fp40/Default_P.bls
Shaders/Pixel/fp40/Default_PC.bls
Shaders/Pixel/fp40/Default_PCT.bls
Shaders/Pixel/fp40/Default_PN.bls
Shaders/Pixel/fp40/Default_PNC.bls
Shaders/Pixel/fp40/Default_PNCT.bls
Shaders/Pixel/fp40/Default_PNCT2.bls
Shaders/Pixel/fp40/Default_PNT.bls
Shaders/Pixel/fp40/Default_PT.bls
Shaders/Pixel/fp40/DepthRange.bls
Shaders/Pixel/fp40/Desaturate.bls
Shaders/Pixel/fp40/DetailDoodad.bls
Shaders/Pixel/fp40/DNClouds.bls
Shaders/Pixel/fp40/DNGlare.bls
Shaders/Pixel/fp40/DNGlareQuery.bls
Shaders/Pixel/fp40/DNPlanet.bls
Shaders/Pixel/fp40/DNSky.bls
Shaders/Pixel/fp40/FFXBox4.bls
Shaders/Pixel/fp40/FFXColorShift.bls
Shaders/Pixel/fp40/FFXComposite.bls
Shaders/Pixel/fp40/FFXDeath.bls
Shaders/Pixel/fp40/FFXFogCombine.bls
Shaders/Pixel/fp40/FFXFogSeed.bls
Shaders/Pixel/fp40/FFXGauss4.bls
Shaders/Pixel/fp40/FFXGlow.bls
Shaders/Pixel/fp40/FFXGlowFade.bls
Shaders/Pixel/fp40/FFXGlowWave.bls
Shaders/Pixel/fp40/FFXNetherBlur.bls
Shaders/Pixel/fp40/FFXNetherCombine.bls
Shaders/Pixel/fp40/FFXPropagateFog.bls
Shaders/Pixel/fp40/FFXSubmarineWindow.bls
Shaders/Pixel/fp40/FFXUnderWaterHigh.bls
Shaders/Pixel/fp40/FFXUnderWaterLow.bls
Shaders/Pixel/fp40/FFXWaterWindow.bls
Shaders/Pixel/fp40/FootPrint.bls
Shaders/Pixel/fp40/FourTapBlur.bls
Shaders/Pixel/fp40/FXAA.bls
Shaders/Pixel/fp40/Gauss5x5.bls
Shaders/Pixel/fp40/GodRay.bls
Shaders/Pixel/fp40/Guild.bls
Shaders/Pixel/fp40/Guild_NoBorder.bls
Shaders/Pixel/fp40/Guild_Opaque.bls
Shaders/Pixel/fp40/Illum.bls
Shaders/Pixel/fp40/Lightning.bls
Shaders/Pixel/fp40/LiquidDebug.bls
Shaders/Pixel/fp40/LiquidFog.bls
Shaders/Pixel/fp40/LitSphere_Additive_Opaque.bls
Shaders/Pixel/fp40/LitSphere_Additive_Transparent.bls
Shaders/Pixel/fp40/Magma.bls
Shaders/Pixel/fp40/MapObjAdditiveMaskedEnvMetal.bls
Shaders/Pixel/fp40/MapObjDiffuse.bls
Shaders/Pixel/fp40/MapObjDiffuseEmissive.bls
Shaders/Pixel/fp40/MapObjEnv.bls
Shaders/Pixel/fp40/MapObjEnvMetal.bls
Shaders/Pixel/fp40/MapObjEnvMetalEmissive.bls
Shaders/Pixel/fp40/MapObjMaskedEnvMetal.bls
Shaders/Pixel/fp40/MapObjMetal.bls
Shaders/Pixel/fp40/MapObjOpaque.bls
Shaders/Pixel/fp40/MapObjSpecular.bls
Shaders/Pixel/fp40/MapObjTwoLayerDiffuse.bls
Shaders/Pixel/fp40/MapObjTwoLayerDiffuseEmissive.bls
Shaders/Pixel/fp40/MapObjTwoLayerDiffuseOpaque.bls
Shaders/Pixel/fp40/MapObjTwoLayerEnvMetal.bls
Shaders/Pixel/fp40/MapObjTwoLayerTerrain.bls
Shaders/Pixel/fp40/MediumMercury.bls
Shaders/Pixel/fp40/MediumWater.bls
Shaders/Pixel/fp40/MediumWaterBelow.bls
Shaders/Pixel/fp40/Mercury.bls
Shaders/Pixel/fp40/Minimap.bls
Shaders/Pixel/fp40/PassThrough.bls
Shaders/Pixel/fp40/PerturbDisplMap.bls
Shaders/Pixel/fp40/PerturbDisplMapMesh.bls
Shaders/Pixel/fp40/PrepassClip.bls
Shaders/Pixel/fp40/PrepassFade.bls
Shaders/Pixel/fp40/PrepassMapObjLow.bls
Shaders/Pixel/fp40/PrepassSolid.bls
Shaders/Pixel/fp40/PrepassSolidFlat.bls
Shaders/Pixel/fp40/ProcMagma.bls
Shaders/Pixel/fp40/ProcMercury.bls
Shaders/Pixel/fp40/ProcWaterAbove.bls
Shaders/Pixel/fp40/ProcWaterAboveFog.bls
Shaders/Pixel/fp40/ProcWaterBelow.bls
Shaders/Pixel/fp40/ProjTex2D.bls
Shaders/Pixel/fp40/PropagateDisplMap.bls
Shaders/Pixel/fp40/sandpoint.bls
Shaders/Pixel/fp40/ShadowMapSL.bls
Shaders/Pixel/fp40/ShadowMask.bls
Shaders/Pixel/fp40/ShadowMonk.bls
Shaders/Pixel/fp40/ShadowMonkOpaque.bls
Shaders/Pixel/fp40/ShadowMonkTransparent.bls
Shaders/Pixel/fp40/snowpoint.bls
Shaders/Pixel/fp40/SSAO.bls
Shaders/Pixel/fp40/StretchRect.bls
Shaders/Pixel/fp40/SunShaftsMask.bls
Shaders/Pixel/fp40/SunShaftsPropagate.bls
Shaders/Pixel/fp40/Terrain.bls
Shaders/Pixel/fp40/TerrainBake.bls
Shaders/Pixel/fp40/TerrainSM.bls
Shaders/Pixel/fp40/TerrainTexture.bls
Shaders/Pixel/fp40/UI.bls
Shaders/Pixel/fp40/Water.bls
Shaders/Pixel/fp40/WaterFogPoly.bls
Shaders/Pixel/fp40/WaterNoSpec.bls
Shaders/Pixel/fp40/WaterRipples.bls
Shaders/Pixel/fp40/WeaponTrails.bls
Shaders/Pixel/ps_2_0/AvatarOpaque.bls
Shaders/Pixel/ps_2_0/AvatarTransparent.bls
Shaders/Pixel/ps_2_0/Barrier.bls
Shaders/Pixel/ps_2_0/Combiners_Mod.bls
Shaders/Pixel/ps_2_0/Combiners_Mod_Add.bls
Shaders/Pixel/ps_2_0/Combiners_Mod_AddAlpha.bls
Shaders/Pixel/ps_2_0/Combiners_Mod_AddAlpha_Alpha.bls
Shaders/Pixel/ps_2_0/Combiners_Mod_AddAlpha_Wgt.bls
Shaders/Pixel/ps_2_0/Combiners_Mod_AddNA.bls
Shaders/Pixel/ps_2_0/Combiners_Mod_Add_Alpha.bls
Shaders/Pixel/ps_2_0/Combiners_Mod_Depth.bls
Shaders/Pixel/ps_2_0/Combiners_Mod_Dual_Crossfade.bls
Shaders/Pixel/ps_2_0/Combiners_Mod_Masked_Dual_Crossfade.bls
Shaders/Pixel/ps_2_0/Combiners_Mod_Mod.bls
Shaders/Pixel/ps_2_0/Combiners_Mod_Mod2x.bls
Shaders/Pixel/ps_2_0/Combiners_Mod_Mod2xNA.bls
Shaders/Pixel/ps_2_0/Combiners_Mod_Opaque.bls
Shaders/Pixel/ps_2_0/Combiners_Opaque.bls
Shaders/Pixel/ps_2_0/Combiners_Opaque_AddAlpha.bls
Shaders/Pixel/ps_2_0/Combiners_Opaque_AddAlpha_Alpha.bls
Shaders/Pixel/ps_2_0/Combiners_Opaque_AddAlpha_Wgt.bls
Shaders/Pixel/ps_2_0/Combiners_Opaque_Alpha.bls
Shaders/Pixel/ps_2_0/Combiners_Opaque_Alpha_Alpha.bls
Shaders/Pixel/ps_2_0/Combiners_Opaque_Mod.bls
Shaders/Pixel/ps_2_0/Combiners_Opaque_Mod2x.bls
Shaders/Pixel/ps_2_0/Combiners_Opaque_Mod2xNA.bls
Shaders/Pixel/ps_2_0/Combiners_Opaque_Mod2xNA_Alpha.bls
Shaders/Pixel/ps_2_0/Combiners_Opaque_Mod2xNA_Alpha_3s.bls
Shaders/Pixel/ps_2_0/Combiners_Opaque_Mod2xNA_Alpha_Add.bls
Shaders/Pixel/ps_2_0/Combiners_Opaque_Mod2xNA_Alpha_Alpha.bls
Shaders/Pixel/ps_2_0/Combiners_Opaque_Mod2xNA_Alpha_UnshAlpha.bls
Shaders/Pixel/ps_2_0/Combiners_Opaque_ModNA_Alpha.bls
Shaders/Pixel/ps_2_0/Combiners_Opaque_Mod_Add_Wgt.bls
Shaders/Pixel/ps_2_0/Combiners_Opaque_Opaque.bls
Shaders/Pixel/ps_2_0/DebugDraw.bls
Shaders/Pixel/ps_2_0/Default_P.bls
Shaders/Pixel/ps_2_0/Default_PC.bls
Shaders/Pixel/ps_2_0/Default_PCT.bls
Shaders/Pixel/ps_2_0/Default_PN.bls
Shaders/Pixel/ps_2_0/Default_PNC.bls
Shaders/Pixel/ps_2_0/Default_PNCT.bls
Shaders/Pixel/ps_2_0/Default_PNCT2.bls
Shaders/Pixel/ps_2_0/Default_PNT.bls
Shaders/Pixel/ps_2_0/Default_PT.bls
Shaders/Pixel/ps_2_0/Desaturate.bls
Shaders/Pixel/ps_2_0/DetailDoodad.bls
Shaders/Pixel/ps_2_0/DNClouds.bls
Shaders/Pixel/ps_2_0/DNGlare.bls
Shaders/Pixel/ps_2_0/DNGlareQuery.bls
Shaders/Pixel/ps_2_0/DNPlanet.bls
Shaders/Pixel/ps_2_0/DNSky.bls
Shaders/Pixel/ps_2_0/FFXBox4.bls
Shaders/Pixel/ps_2_0/FFXColorShift.bls
Shaders/Pixel/ps_2_0/FFXComposite.bls
Shaders/Pixel/ps_2_0/FFXDeath.bls
Shaders/Pixel/ps_2_0/FFXFogCombine.bls
Shaders/Pixel/ps_2_0/FFXFogSeed.bls
Shaders/Pixel/ps_2_0/FFXGauss4.bls
Shaders/Pixel/ps_2_0/FFXGlow.bls
Shaders/Pixel/ps_2_0/FFXGlowFade.bls
Shaders/Pixel/ps_2_0/FFXGlowWave.bls
Shaders/Pixel/ps_2_0/FFXNetherBlur.bls
Shaders/Pixel/ps_2_0/FFXNetherCombine.bls
Shaders/Pixel/ps_2_0/FFXPropagateFog.bls
Shaders/Pixel/ps_2_0/FFXSubmarineWindow.bls
Shaders/Pixel/ps_2_0/FFXWaterWindow.bls
Shaders/Pixel/ps_2_0/FootPrint.bls
Shaders/Pixel/ps_2_0/FourTapBlur.bls
Shaders/Pixel/ps_2_0/Gauss5x5.bls
Shaders/Pixel/ps_2_0/Grid.bls
Shaders/Pixel/ps_2_0/Guild.bls
Shaders/Pixel/ps_2_0/Guild_NoBorder.bls
Shaders/Pixel/ps_2_0/Guild_Opaque.bls
Shaders/Pixel/ps_2_0/Illum.bls
Shaders/Pixel/ps_2_0/Lightning.bls
Shaders/Pixel/ps_2_0/LiquidDebug.bls
Shaders/Pixel/ps_2_0/LiquidFog.bls
Shaders/Pixel/ps_2_0/LitSphere_Additive_Opaque.bls
Shaders/Pixel/ps_2_0/LitSphere_Additive_Transparent.bls
Shaders/Pixel/ps_2_0/Magma.bls
Shaders/Pixel/ps_2_0/MapObjAdditiveMaskedEnvMetal.bls
Shaders/Pixel/ps_2_0/MapObjDiffuse.bls
Shaders/Pixel/ps_2_0/MapObjDiffuseEmissive.bls
Shaders/Pixel/ps_2_0/MapObjEnv.bls
Shaders/Pixel/ps_2_0/MapObjEnvMetal.bls
Shaders/Pixel/ps_2_0/MapObjEnvMetalEmissive.bls
Shaders/Pixel/ps_2_0/MapObjMaskedEnvMetal.bls
Shaders/Pixel/ps_2_0/MapObjMetal.bls
Shaders/Pixel/ps_2_0/MapObjOpaque.bls
Shaders/Pixel/ps_2_0/MapObjSpecular.bls
Shaders/Pixel/ps_2_0/MapObjTwoLayerDiffuse.bls
Shaders/Pixel/ps_2_0/MapObjTwoLayerDiffuseEmissive.bls
Shaders/Pixel/ps_2_0/MapObjTwoLayerDiffuseOpaque.bls
Shaders/Pixel/ps_2_0/MapObjTwoLayerEnvMetal.bls
Shaders/Pixel/ps_2_0/MapObjTwoLayerTerrain.bls
Shaders/Pixel/ps_2_0/MediumMercury.bls
Shaders/Pixel/ps_2_0/MediumWater.bls
Shaders/Pixel/ps_2_0/MediumWaterBelow.bls
Shaders/Pixel/ps_2_0/Mercury.bls
Shaders/Pixel/ps_2_0/Minimap.bls
Shaders/Pixel/ps_2_0/PrepassClip.bls
Shaders/Pixel/ps_2_0/PrepassFade.bls
Shaders/Pixel/ps_2_0/PrepassMapObjLow.bls
Shaders/Pixel/ps_2_0/PrepassSolid.bls
Shaders/Pixel/ps_2_0/PrepassSolidFlat.bls
Shaders/Pixel/ps_2_0/ProcMagma.bls
Shaders/Pixel/ps_2_0/ProjTex2D.bls
Shaders/Pixel/ps_2_0/sandpoint.bls
Shaders/Pixel/ps_2_0/ShadowMapSL.bls
Shaders/Pixel/ps_2_0/ShadowMonk.bls
Shaders/Pixel/ps_2_0/ShadowMonkOpaque.bls
Shaders/Pixel/ps_2_0/ShadowMonkTransparent.bls
Shaders/Pixel/ps_2_0/snowpoint.bls
Shaders/Pixel/ps_2_0/SunShaftsMask.bls
Shaders/Pixel/ps_2_0/SunShaftsPropagate.bls
Shaders/Pixel/ps_2_0/Terrain.bls
Shaders/Pixel/ps_2_0/TerrainBake.bls
Shaders/Pixel/ps_2_0/TerrainBake_ff_ps.bls
Shaders/Pixel/ps_2_0/TerrainSM.bls
Shaders/Pixel/ps_2_0/TerrainTexture.bls
Shaders/Pixel/ps_2_0/TerrainTexture_ff_ps.bls
Shaders/Pixel/ps_2_0/Terrain_ff_ps.bls
Shaders/Pixel/ps_2_0/UI.bls
Shaders/Pixel/ps_2_0/Water.bls
Shaders/Pixel/ps_2_0/WaterFogPoly.bls
Shaders/Pixel/ps_2_0/WaterNoSpec.bls
Shaders/Pixel/ps_2_0/WaterRipples.bls
Shaders/Pixel/ps_2_0/WeaponTrails.bls
Shaders/Pixel/ps_3_0/AvatarOpaque.bls
Shaders/Pixel/ps_3_0/AvatarTransparent.bls
Shaders/Pixel/ps_3_0/Barrier.bls
Shaders/Pixel/ps_3_0/ClearDisplMap.bls
Shaders/Pixel/ps_3_0/Combiners_Mod.bls
Shaders/Pixel/ps_3_0/Combiners_Mod_Add.bls
Shaders/Pixel/ps_3_0/Combiners_Mod_AddAlpha.bls
Shaders/Pixel/ps_3_0/Combiners_Mod_AddAlpha_Alpha.bls
Shaders/Pixel/ps_3_0/Combiners_Mod_AddAlpha_Wgt.bls
Shaders/Pixel/ps_3_0/Combiners_Mod_AddNA.bls
Shaders/Pixel/ps_3_0/Combiners_Mod_Add_Alpha.bls
Shaders/Pixel/ps_3_0/Combiners_Mod_Depth.bls
Shaders/Pixel/ps_3_0/Combiners_Mod_Dual_Crossfade.bls
Shaders/Pixel/ps_3_0/Combiners_Mod_Masked_Dual_Crossfade.bls
Shaders/Pixel/ps_3_0/Combiners_Mod_Mod.bls
Shaders/Pixel/ps_3_0/Combiners_Mod_Mod2x.bls
Shaders/Pixel/ps_3_0/Combiners_Mod_Mod2xNA.bls
Shaders/Pixel/ps_3_0/Combiners_Mod_Opaque.bls
Shaders/Pixel/ps_3_0/Combiners_Opaque.bls
Shaders/Pixel/ps_3_0/Combiners_Opaque_AddAlpha.bls
Shaders/Pixel/ps_3_0/Combiners_Opaque_AddAlpha_Alpha.bls
Shaders/Pixel/ps_3_0/Combiners_Opaque_AddAlpha_Wgt.bls
Shaders/Pixel/ps_3_0/Combiners_Opaque_Alpha.bls
Shaders/Pixel/ps_3_0/Combiners_Opaque_Alpha_Alpha.bls
Shaders/Pixel/ps_3_0/Combiners_Opaque_Mod.bls
Shaders/Pixel/ps_3_0/Combiners_Opaque_Mod2x.bls
Shaders/Pixel/ps_3_0/Combiners_Opaque_Mod2xNA.bls
Shaders/Pixel/ps_3_0/Combiners_Opaque_Mod2xNA_Alpha.bls
Shaders/Pixel/ps_3_0/Combiners_Opaque_Mod2xNA_Alpha_3s.bls
Shaders/Pixel/ps_3_0/Combiners_Opaque_Mod2xNA_Alpha_Add.bls
Shaders/Pixel/ps_3_0/Combiners_Opaque_Mod2xNA_Alpha_Alpha.bls
Shaders/Pixel/ps_3_0/Combiners_Opaque_Mod2xNA_Alpha_UnshAlpha.bls
Shaders/Pixel/ps_3_0/Combiners_Opaque_ModNA_Alpha.bls
Shaders/Pixel/ps_3_0/Combiners_Opaque_Mod_Add_Wgt.bls
Shaders/Pixel/ps_3_0/Combiners_Opaque_Opaque.bls
Shaders/Pixel/ps_3_0/DebugDraw.bls
Shaders/Pixel/ps_3_0/Default_P.bls
Shaders/Pixel/ps_3_0/Default_PC.bls
Shaders/Pixel/ps_3_0/Default_PCT.bls
Shaders/Pixel/ps_3_0/Default_PN.bls
Shaders/Pixel/ps_3_0/Default_PNC.bls
Shaders/Pixel/ps_3_0/Default_PNCT.bls
Shaders/Pixel/ps_3_0/Default_PNCT2.bls
Shaders/Pixel/ps_3_0/Default_PNT.bls
Shaders/Pixel/ps_3_0/Default_PT.bls
Shaders/Pixel/ps_3_0/DepthRange.bls
Shaders/Pixel/ps_3_0/Desaturate.bls
Shaders/Pixel/ps_3_0/DetailDoodad.bls
Shaders/Pixel/ps_3_0/DNClouds.bls
Shaders/Pixel/ps_3_0/DNGlare.bls
Shaders/Pixel/ps_3_0/DNGlareQuery.bls
Shaders/Pixel/ps_3_0/DNPlanet.bls
Shaders/Pixel/ps_3_0/DNSky.bls
Shaders/Pixel/ps_3_0/FFXBox4.bls
Shaders/Pixel/ps_3_0/FFXColorShift.bls
Shaders/Pixel/ps_3_0/FFXComposite.bls
Shaders/Pixel/ps_3_0/FFXDeath.bls
Shaders/Pixel/ps_3_0/FFXFogCombine.bls
Shaders/Pixel/ps_3_0/FFXFogSeed.bls
Shaders/Pixel/ps_3_0/FFXGauss4.bls
Shaders/Pixel/ps_3_0/FFXGlow.bls
Shaders/Pixel/ps_3_0/FFXGlowFade.bls
Shaders/Pixel/ps_3_0/FFXGlowWave.bls
Shaders/Pixel/ps_3_0/FFXNetherBlur.bls
Shaders/Pixel/ps_3_0/FFXNetherCombine.bls
Shaders/Pixel/ps_3_0/FFXPropagateFog.bls
Shaders/Pixel/ps_3_0/FFXSubmarineWindow.bls
Shaders/Pixel/ps_3_0/FFXUnderwaterHigh.bls
Shaders/Pixel/ps_3_0/FFXUnderwaterLow.bls
Shaders/Pixel/ps_3_0/FFXWaterWindow.bls
Shaders/Pixel/ps_3_0/FootPrint.bls
Shaders/Pixel/ps_3_0/FourTapBlur.bls
Shaders/Pixel/ps_3_0/FXAA.bls
Shaders/Pixel/ps_3_0/Gauss5x5.bls
Shaders/Pixel/ps_3_0/GodRay.bls
Shaders/Pixel/ps_3_0/Grid.bls
Shaders/Pixel/ps_3_0/Guild.bls
Shaders/Pixel/ps_3_0/Guild_NoBorder.bls
Shaders/Pixel/ps_3_0/Guild_Opaque.bls
Shaders/Pixel/ps_3_0/Illum.bls
Shaders/Pixel/ps_3_0/Lightning.bls
Shaders/Pixel/ps_3_0/LiquidDebug.bls
Shaders/Pixel/ps_3_0/LiquidFog.bls
Shaders/Pixel/ps_3_0/LitSphere_Additive_Opaque.bls
Shaders/Pixel/ps_3_0/LitSphere_Additive_Transparent.bls
Shaders/Pixel/ps_3_0/Magma.bls
Shaders/Pixel/ps_3_0/MapObjAdditiveMaskedEnvMetal.bls
Shaders/Pixel/ps_3_0/MapObjDiffuse.bls
Shaders/Pixel/ps_3_0/MapObjDiffuseEmissive.bls
Shaders/Pixel/ps_3_0/MapObjEnv.bls
Shaders/Pixel/ps_3_0/MapObjEnvMetal.bls
Shaders/Pixel/ps_3_0/MapObjEnvMetalEmissive.bls
Shaders/Pixel/ps_3_0/MapObjMaskedEnvMetal.bls
Shaders/Pixel/ps_3_0/MapObjMetal.bls
Shaders/Pixel/ps_3_0/MapObjOpaque.bls
Shaders/Pixel/ps_3_0/MapObjSpecular.bls
Shaders/Pixel/ps_3_0/MapObjTwoLayerDiffuse.bls
Shaders/Pixel/ps_3_0/MapObjTwoLayerDiffuseEmissive.bls
Shaders/Pixel/ps_3_0/MapObjTwoLayerDiffuseOpaque.bls
Shaders/Pixel/ps_3_0/MapObjTwoLayerEnvMetal.bls
Shaders/Pixel/ps_3_0/MapObjTwoLayerTerrain.bls
Shaders/Pixel/ps_3_0/MediumMercury.bls
Shaders/Pixel/ps_3_0/MediumWater.bls
Shaders/Pixel/ps_3_0/MediumWaterBelow.bls
Shaders/Pixel/ps_3_0/Mercury.bls
Shaders/Pixel/ps_3_0/Minimap.bls
Shaders/Pixel/ps_3_0/PerturbDisplMap.bls
Shaders/Pixel/ps_3_0/PerturbDisplMapMesh.bls
Shaders/Pixel/ps_3_0/PrepassClip.bls
Shaders/Pixel/ps_3_0/PrepassFade.bls
Shaders/Pixel/ps_3_0/PrepassMapObjLow.bls
Shaders/Pixel/ps_3_0/PrepassSolid.bls
Shaders/Pixel/ps_3_0/PrepassSolidFlat.bls
Shaders/Pixel/ps_3_0/ProcMagma.bls
Shaders/Pixel/ps_3_0/ProcMercury.bls
Shaders/Pixel/ps_3_0/ProcWaterAbove.bls
Shaders/Pixel/ps_3_0/ProcWaterAboveFog.bls
Shaders/Pixel/ps_3_0/ProcWaterBelow.bls
Shaders/Pixel/ps_3_0/ProjTex2D.bls
Shaders/Pixel/ps_3_0/PropagateDisplMap.bls
Shaders/Pixel/ps_3_0/sandpoint.bls
Shaders/Pixel/ps_3_0/ShadowMapSL.bls
Shaders/Pixel/ps_3_0/ShadowMask.bls
Shaders/Pixel/ps_3_0/ShadowMonk.bls
Shaders/Pixel/ps_3_0/ShadowMonkOpaque.bls
Shaders/Pixel/ps_3_0/ShadowMonkTransparent.bls
Shaders/Pixel/ps_3_0/snowpoint.bls
Shaders/Pixel/ps_3_0/SSAO.bls
Shaders/Pixel/ps_3_0/StretchRect.bls
Shaders/Pixel/ps_3_0/SunShaftsMask.bls
Shaders/Pixel/ps_3_0/SunShaftsPropagate.bls
Shaders/Pixel/ps_3_0/Terrain.bls
Shaders/Pixel/ps_3_0/TerrainBake.bls
Shaders/Pixel/ps_3_0/TerrainSM.bls
Shaders/Pixel/ps_3_0/TerrainTexture.bls
Shaders/Pixel/ps_3_0/UI.bls
Shaders/Pixel/ps_3_0/Water.bls
Shaders/Pixel/ps_3_0/WaterFogPoly.bls
Shaders/Pixel/ps_3_0/WaterNoSpec.bls
Shaders/Pixel/ps_3_0/WaterRipples.bls
Shaders/Pixel/ps_3_0/WeaponTrails.bls
Shaders/Pixel/ps_4_0/AvatarOpaque.bls
Shaders/Pixel/ps_4_0/AvatarTransparent.bls
Shaders/Pixel/ps_4_0/Barrier.bls
Shaders/Pixel/ps_4_0/Clear.bls
Shaders/Pixel/ps_4_0/ClearDisplMap.bls
Shaders/Pixel/ps_4_0/Combiners_Mod.bls
Shaders/Pixel/ps_4_0/Combiners_Mod_Add.bls
Shaders/Pixel/ps_4_0/Combiners_Mod_AddAlpha.bls
Shaders/Pixel/ps_4_0/Combiners_Mod_AddAlpha_Alpha.bls
Shaders/Pixel/ps_4_0/Combiners_Mod_AddAlpha_Wgt.bls
Shaders/Pixel/ps_4_0/Combiners_Mod_AddNA.bls
Shaders/Pixel/ps_4_0/Combiners_Mod_Add_Alpha.bls
Shaders/Pixel/ps_4_0/Combiners_Mod_Depth.bls
Shaders/Pixel/ps_4_0/Combiners_Mod_Dual_Crossfade.bls
Shaders/Pixel/ps_4_0/Combiners_Mod_Masked_Dual_Crossfade.bls
Shaders/Pixel/ps_4_0/Combiners_Mod_Mod.bls
Shaders/Pixel/ps_4_0/Combiners_Mod_Mod2x.bls
Shaders/Pixel/ps_4_0/Combiners_Mod_Mod2xNA.bls
Shaders/Pixel/ps_4_0/Combiners_Mod_Opaque.bls
Shaders/Pixel/ps_4_0/Combiners_Opaque.bls
Shaders/Pixel/ps_4_0/Combiners_Opaque_AddAlpha.bls
Shaders/Pixel/ps_4_0/Combiners_Opaque_AddAlpha_Alpha.bls
Shaders/Pixel/ps_4_0/Combiners_Opaque_AddAlpha_Wgt.bls
Shaders/Pixel/ps_4_0/Combiners_Opaque_Alpha.bls
Shaders/Pixel/ps_4_0/Combiners_Opaque_Alpha_Alpha.bls
Shaders/Pixel/ps_4_0/Combiners_Opaque_Mod.bls
Shaders/Pixel/ps_4_0/Combiners_Opaque_Mod2x.bls
Shaders/Pixel/ps_4_0/Combiners_Opaque_Mod2xNA.bls
Shaders/Pixel/ps_4_0/Combiners_Opaque_Mod2xNA_Alpha.bls
Shaders/Pixel/ps_4_0/Combiners_Opaque_Mod2xNA_Alpha_3s.bls
Shaders/Pixel/ps_4_0/Combiners_Opaque_Mod2xNA_Alpha_Add.bls
Shaders/Pixel/ps_4_0/Combiners_Opaque_Mod2xNA_Alpha_Alpha.bls
Shaders/Pixel/ps_4_0/Combiners_Opaque_Mod2xNA_Alpha_UnshAlpha.bls
Shaders/Pixel/ps_4_0/Combiners_Opaque_ModNA_Alpha.bls
Shaders/Pixel/ps_4_0/Combiners_Opaque_Mod_Add_Wgt.bls
Shaders/Pixel/ps_4_0/Combiners_Opaque_Opaque.bls
Shaders/Pixel/ps_4_0/DebugDraw.bls
Shaders/Pixel/ps_4_0/Default_P.bls
Shaders/Pixel/ps_4_0/Default_PC.bls
Shaders/Pixel/ps_4_0/Default_PCT.bls
Shaders/Pixel/ps_4_0/Default_PN.bls
Shaders/Pixel/ps_4_0/Default_PNC.bls
Shaders/Pixel/ps_4_0/Default_PNCT.bls
Shaders/Pixel/ps_4_0/Default_PNCT2.bls
Shaders/Pixel/ps_4_0/Default_PNT.bls
Shaders/Pixel/ps_4_0/Default_PT.bls
Shaders/Pixel/ps_4_0/DepthRange.bls
Shaders/Pixel/ps_4_0/Desaturate.bls
Shaders/Pixel/ps_4_0/DetailDoodad.bls
Shaders/Pixel/ps_4_0/DNClouds.bls
Shaders/Pixel/ps_4_0/DNGlare.bls
Shaders/Pixel/ps_4_0/DNGlareQuery.bls
Shaders/Pixel/ps_4_0/DNPlanet.bls
Shaders/Pixel/ps_4_0/DNSky.bls
Shaders/Pixel/ps_4_0/FFXBox4.bls
Shaders/Pixel/ps_4_0/FFXColorShift.bls
Shaders/Pixel/ps_4_0/FFXComposite.bls
Shaders/Pixel/ps_4_0/FFXDeath.bls
Shaders/Pixel/ps_4_0/FFXFogCombine.bls
Shaders/Pixel/ps_4_0/FFXFogSeed.bls
Shaders/Pixel/ps_4_0/FFXGauss4.bls
Shaders/Pixel/ps_4_0/FFXGlow.bls
Shaders/Pixel/ps_4_0/FFXGlowFade.bls
Shaders/Pixel/ps_4_0/FFXGlowWave.bls
Shaders/Pixel/ps_4_0/FFXNetherBlur.bls
Shaders/Pixel/ps_4_0/FFXNetherCombine.bls
Shaders/Pixel/ps_4_0/FFXPropagateFog.bls
Shaders/Pixel/ps_4_0/FFXSubmarineWindow.bls
Shaders/Pixel/ps_4_0/FFXUnderwaterHigh.bls
Shaders/Pixel/ps_4_0/FFXUnderwaterLow.bls
Shaders/Pixel/ps_4_0/FFXWaterWindow.bls
Shaders/Pixel/ps_4_0/FootPrint.bls
Shaders/Pixel/ps_4_0/FourTapBlur.bls
Shaders/Pixel/ps_4_0/FXAA.bls
Shaders/Pixel/ps_4_0/Gauss5x5.bls
Shaders/Pixel/ps_4_0/GodRay.bls
Shaders/Pixel/ps_4_0/Grid.bls
Shaders/Pixel/ps_4_0/Guild.bls
Shaders/Pixel/ps_4_0/Guild_NoBorder.bls
Shaders/Pixel/ps_4_0/Guild_Opaque.bls
Shaders/Pixel/ps_4_0/Illum.bls
Shaders/Pixel/ps_4_0/Lightning.bls
Shaders/Pixel/ps_4_0/LiquidDebug.bls
Shaders/Pixel/ps_4_0/LiquidFog.bls
Shaders/Pixel/ps_4_0/LitSphere_Additive_Opaque.bls
Shaders/Pixel/ps_4_0/LitSphere_Additive_Transparent.bls
Shaders/Pixel/ps_4_0/Magma.bls
Shaders/Pixel/ps_4_0/MapObjAdditiveMaskedEnvMetal.bls
Shaders/Pixel/ps_4_0/MapObjDiffuse.bls
Shaders/Pixel/ps_4_0/MapObjDiffuseEmissive.bls
Shaders/Pixel/ps_4_0/MapObjEnv.bls
Shaders/Pixel/ps_4_0/MapObjEnvMetal.bls
Shaders/Pixel/ps_4_0/MapObjEnvMetalEmissive.bls
Shaders/Pixel/ps_4_0/MapObjMaskedEnvMetal.bls
Shaders/Pixel/ps_4_0/MapObjMetal.bls
Shaders/Pixel/ps_4_0/MapObjOpaque.bls
Shaders/Pixel/ps_4_0/MapObjSpecular.bls
Shaders/Pixel/ps_4_0/MapObjTwoLayerDiffuse.bls
Shaders/Pixel/ps_4_0/MapObjTwoLayerDiffuseEmissive.bls
Shaders/Pixel/ps_4_0/MapObjTwoLayerDiffuseOpaque.bls
Shaders/Pixel/ps_4_0/MapObjTwoLayerEnvMetal.bls
Shaders/Pixel/ps_4_0/MapObjTwoLayerTerrain.bls
Shaders/Pixel/ps_4_0/MediumMercury.bls
Shaders/Pixel/ps_4_0/MediumWater.bls
Shaders/Pixel/ps_4_0/MediumWaterBelow.bls
Shaders/Pixel/ps_4_0/Mercury.bls
Shaders/Pixel/ps_4_0/Minimap.bls
Shaders/Pixel/ps_4_0/PerturbDisplMap.bls
Shaders/Pixel/ps_4_0/PerturbDisplMapMesh.bls
Shaders/Pixel/ps_4_0/PrepassClip.bls
Shaders/Pixel/ps_4_0/PrepassFade.bls
Shaders/Pixel/ps_4_0/PrepassMapObjLow.bls
Shaders/Pixel/ps_4_0/PrepassSolid.bls
Shaders/Pixel/ps_4_0/PrepassSolidFlat.bls
Shaders/Pixel/ps_4_0/ProcMagma.bls
Shaders/Pixel/ps_4_0/ProcMercury.bls
Shaders/Pixel/ps_4_0/ProcWaterAbove.bls
Shaders/Pixel/ps_4_0/ProcWaterAboveFog.bls
Shaders/Pixel/ps_4_0/ProcWaterBelow.bls
Shaders/Pixel/ps_4_0/ProjTex2D.bls
Shaders/Pixel/ps_4_0/PropagateDisplMap.bls
Shaders/Pixel/ps_4_0/Resolve.bls
Shaders/Pixel/ps_4_0/sandpoint.bls
Shaders/Pixel/ps_4_0/ShadowMapSL.bls
Shaders/Pixel/ps_4_0/ShadowMask.bls
Shaders/Pixel/ps_4_0/ShadowMonk.bls
Shaders/Pixel/ps_4_0/ShadowMonkOpaque.bls
Shaders/Pixel/ps_4_0/ShadowMonkTransparent.bls
Shaders/Pixel/ps_4_0/snowpoint.bls
Shaders/Pixel/ps_4_0/SSAO.bls
Shaders/Pixel/ps_4_0/StretchRect.bls
Shaders/Pixel/ps_4_0/SunShaftsMask.bls
Shaders/Pixel/ps_4_0/SunShaftsPropagate.bls
Shaders/Pixel/ps_4_0/Terrain.bls
Shaders/Pixel/ps_4_0/TerrainBake.bls
Shaders/Pixel/ps_4_0/TerrainSM.bls
Shaders/Pixel/ps_4_0/TerrainTexture.bls
Shaders/Pixel/ps_4_0/UI.bls
Shaders/Pixel/ps_4_0/UI_AlphaTest.bls
Shaders/Pixel/ps_4_0/Water.bls
Shaders/Pixel/ps_4_0/WaterFogPoly.bls
Shaders/Pixel/ps_4_0/WaterNoSpec.bls
Shaders/Pixel/ps_4_0/WaterRipples.bls
Shaders/Pixel/ps_4_0/WeaponTrails.bls
Shaders/Pixel/ps_5_0/AvatarOpaque.bls
Shaders/Pixel/ps_5_0/AvatarTransparent.bls
Shaders/Pixel/ps_5_0/Barrier.bls
Shaders/Pixel/ps_5_0/Clear.bls
Shaders/Pixel/ps_5_0/ClearDisplMap.bls
Shaders/Pixel/ps_5_0/Combiners_Mod.bls
Shaders/Pixel/ps_5_0/Combiners_Mod_Add.bls
Shaders/Pixel/ps_5_0/Combiners_Mod_AddAlpha.bls
Shaders/Pixel/ps_5_0/Combiners_Mod_AddAlpha_Alpha.bls
Shaders/Pixel/ps_5_0/Combiners_Mod_AddAlpha_Wgt.bls
Shaders/Pixel/ps_5_0/Combiners_Mod_AddNA.bls
Shaders/Pixel/ps_5_0/Combiners_Mod_Add_Alpha.bls
Shaders/Pixel/ps_5_0/Combiners_Mod_Depth.bls
Shaders/Pixel/ps_5_0/Combiners_Mod_Dual_Crossfade.bls
Shaders/Pixel/ps_5_0/Combiners_Mod_Masked_Dual_Crossfade.bls
Shaders/Pixel/ps_5_0/Combiners_Mod_Mod.bls
Shaders/Pixel/ps_5_0/Combiners_Mod_Mod2x.bls
Shaders/Pixel/ps_5_0/Combiners_Mod_Mod2xNA.bls
Shaders/Pixel/ps_5_0/Combiners_Mod_Opaque.bls
Shaders/Pixel/ps_5_0/Combiners_Opaque.bls
Shaders/Pixel/ps_5_0/Combiners_Opaque_AddAlpha.bls
Shaders/Pixel/ps_5_0/Combiners_Opaque_AddAlpha_Alpha.bls
Shaders/Pixel/ps_5_0/Combiners_Opaque_AddAlpha_Wgt.bls
Shaders/Pixel/ps_5_0/Combiners_Opaque_Alpha.bls
Shaders/Pixel/ps_5_0/Combiners_Opaque_Alpha_Alpha.bls
Shaders/Pixel/ps_5_0/Combiners_Opaque_Mod.bls
Shaders/Pixel/ps_5_0/Combiners_Opaque_Mod2x.bls
Shaders/Pixel/ps_5_0/Combiners_Opaque_Mod2xNA.bls
Shaders/Pixel/ps_5_0/Combiners_Opaque_Mod2xNA_Alpha.bls
Shaders/Pixel/ps_5_0/Combiners_Opaque_Mod2xNA_Alpha_3s.bls
Shaders/Pixel/ps_5_0/Combiners_Opaque_Mod2xNA_Alpha_Add.bls
Shaders/Pixel/ps_5_0/Combiners_Opaque_Mod2xNA_Alpha_Alpha.bls
Shaders/Pixel/ps_5_0/Combiners_Opaque_Mod2xNA_Alpha_UnshAlpha.bls
Shaders/Pixel/ps_5_0/Combiners_Opaque_ModNA_Alpha.bls
Shaders/Pixel/ps_5_0/Combiners_Opaque_Mod_Add_Wgt.bls
Shaders/Pixel/ps_5_0/Combiners_Opaque_Opaque.bls
Shaders/Pixel/ps_5_0/DebugDraw.bls
Shaders/Pixel/ps_5_0/Default_P.bls
Shaders/Pixel/ps_5_0/Default_PC.bls
Shaders/Pixel/ps_5_0/Default_PCT.bls
Shaders/Pixel/ps_5_0/Default_PN.bls
Shaders/Pixel/ps_5_0/Default_PNC.bls
Shaders/Pixel/ps_5_0/Default_PNCT.bls
Shaders/Pixel/ps_5_0/Default_PNCT2.bls
Shaders/Pixel/ps_5_0/Default_PNT.bls
Shaders/Pixel/ps_5_0/Default_PT.bls
Shaders/Pixel/ps_5_0/DepthRange.bls
Shaders/Pixel/ps_5_0/Desaturate.bls
Shaders/Pixel/ps_5_0/DetailDoodad.bls
Shaders/Pixel/ps_5_0/DNClouds.bls
Shaders/Pixel/ps_5_0/DNGlare.bls
Shaders/Pixel/ps_5_0/DNGlareQuery.bls
Shaders/Pixel/ps_5_0/DNPlanet.bls
Shaders/Pixel/ps_5_0/DNSky.bls
Shaders/Pixel/ps_5_0/FFXBox4.bls
Shaders/Pixel/ps_5_0/FFXColorShift.bls
Shaders/Pixel/ps_5_0/FFXComposite.bls
Shaders/Pixel/ps_5_0/FFXDeath.bls
Shaders/Pixel/ps_5_0/FFXFogCombine.bls
Shaders/Pixel/ps_5_0/FFXFogSeed.bls
Shaders/Pixel/ps_5_0/FFXGauss4.bls
Shaders/Pixel/ps_5_0/FFXGlow.bls
Shaders/Pixel/ps_5_0/FFXGlowFade.bls
Shaders/Pixel/ps_5_0/FFXGlowWave.bls
Shaders/Pixel/ps_5_0/FFXNetherBlur.bls
Shaders/Pixel/ps_5_0/FFXNetherCombine.bls
Shaders/Pixel/ps_5_0/FFXPropagateFog.bls
Shaders/Pixel/ps_5_0/FFXSubmarineWindow.bls
Shaders/Pixel/ps_5_0/FFXUnderWaterHigh.bls
Shaders/Pixel/ps_5_0/FFXUnderWaterLow.bls
Shaders/Pixel/ps_5_0/FFXWaterWindow.bls
Shaders/Pixel/ps_5_0/FootPrint.bls
Shaders/Pixel/ps_5_0/FourTapBlur.bls
Shaders/Pixel/ps_5_0/FXAA.bls
Shaders/Pixel/ps_5_0/Gauss5x5.bls
Shaders/Pixel/ps_5_0/GodRay.bls
Shaders/Pixel/ps_5_0/Grid.bls
Shaders/Pixel/ps_5_0/Guild.bls
Shaders/Pixel/ps_5_0/Guild_NoBorder.bls
Shaders/Pixel/ps_5_0/Guild_Opaque.bls
Shaders/Pixel/ps_5_0/Illum.bls
Shaders/Pixel/ps_5_0/Lightning.bls
Shaders/Pixel/ps_5_0/LiquidDebug.bls
Shaders/Pixel/ps_5_0/LiquidFog.bls
Shaders/Pixel/ps_5_0/LitSphere_Additive_Opaque.bls
Shaders/Pixel/ps_5_0/LitSphere_Additive_Transparent.bls
Shaders/Pixel/ps_5_0/Magma.bls
Shaders/Pixel/ps_5_0/MapObjAdditiveMaskedEnvMetal.bls
Shaders/Pixel/ps_5_0/MapObjDiffuse.bls
Shaders/Pixel/ps_5_0/MapObjDiffuseEmissive.bls
Shaders/Pixel/ps_5_0/MapObjEnv.bls
Shaders/Pixel/ps_5_0/MapObjEnvMetal.bls
Shaders/Pixel/ps_5_0/MapObjEnvMetalEmissive.bls
Shaders/Pixel/ps_5_0/MapObjMaskedEnvMetal.bls
Shaders/Pixel/ps_5_0/MapObjMetal.bls
Shaders/Pixel/ps_5_0/MapObjOpaque.bls
Shaders/Pixel/ps_5_0/MapObjSpecular.bls
Shaders/Pixel/ps_5_0/MapObjTwoLayerDiffuse.bls
Shaders/Pixel/ps_5_0/MapObjTwoLayerDiffuseEmissive.bls
Shaders/Pixel/ps_5_0/MapObjTwoLayerDiffuseOpaque.bls
Shaders/Pixel/ps_5_0/MapObjTwoLayerEnvMetal.bls
Shaders/Pixel/ps_5_0/MapObjTwoLayerTerrain.bls
Shaders/Pixel/ps_5_0/MediumMercury.bls
Shaders/Pixel/ps_5_0/MediumWater.bls
Shaders/Pixel/ps_5_0/MediumWaterBelow.bls
Shaders/Pixel/ps_5_0/Mercury.bls
Shaders/Pixel/ps_5_0/Minimap.bls
Shaders/Pixel/ps_5_0/PerturbDisplMap.bls
Shaders/Pixel/ps_5_0/PerturbDisplMapMesh.bls
Shaders/Pixel/ps_5_0/PrepassClip.bls
Shaders/Pixel/ps_5_0/PrepassFade.bls
Shaders/Pixel/ps_5_0/PrepassMapObjLow.bls
Shaders/Pixel/ps_5_0/PrepassSolid.bls
Shaders/Pixel/ps_5_0/PrepassSolidFlat.bls
Shaders/Pixel/ps_5_0/ProcMagma.bls
Shaders/Pixel/ps_5_0/ProcMercury.bls
Shaders/Pixel/ps_5_0/ProcWaterAbove.bls
Shaders/Pixel/ps_5_0/ProcWaterAboveFog.bls
Shaders/Pixel/ps_5_0/ProcWaterBelow.bls
Shaders/Pixel/ps_5_0/ProjTex2D.bls
Shaders/Pixel/ps_5_0/PropagateDisplMap.bls
Shaders/Pixel/ps_5_0/Resolve.bls
Shaders/Pixel/ps_5_0/sandpoint.bls
Shaders/Pixel/ps_5_0/ShadowMapSL.bls
Shaders/Pixel/ps_5_0/ShadowMask.bls
Shaders/Pixel/ps_5_0/ShadowMonk.bls
Shaders/Pixel/ps_5_0/ShadowMonkOpaque.bls
Shaders/Pixel/ps_5_0/ShadowMonkTransparent.bls
Shaders/Pixel/ps_5_0/snowpoint.bls
Shaders/Pixel/ps_5_0/SSAO.bls
Shaders/Pixel/ps_5_0/StretchRect.bls
Shaders/Pixel/ps_5_0/SunShaftsMask.bls
Shaders/Pixel/ps_5_0/SunShaftsPropagate.bls
Shaders/Pixel/ps_5_0/Terrain.bls
Shaders/Pixel/ps_5_0/TerrainBake.bls
Shaders/Pixel/ps_5_0/TerrainSM.bls
Shaders/Pixel/ps_5_0/TerrainTexture.bls
Shaders/Pixel/ps_5_0/UI.bls
Shaders/Pixel/ps_5_0/UI_AlphaTest.bls
Shaders/Pixel/ps_5_0/Water.bls
Shaders/Pixel/ps_5_0/WaterFogPoly.bls
Shaders/Pixel/ps_5_0/WaterNoSpec.bls
Shaders/Pixel/ps_5_0/WaterRipples.bls
Shaders/Pixel/ps_5_0/WeaponTrails.bls
Shaders/Vertex/arbvp1/Barrier.bls
Shaders/Vertex/arbvp1/CDiffuse_T1.bls
Shaders/Vertex/arbvp1/ClearDisplMap.bls
Shaders/Vertex/arbvp1/Color_Proj_Proj.bls
Shaders/Vertex/arbvp1/Color_T1.bls
Shaders/Vertex/arbvp1/DebugDraw.bls
Shaders/Vertex/arbvp1/Default_P.bls
Shaders/Vertex/arbvp1/Default_PC.bls
Shaders/Vertex/arbvp1/Default_PCT.bls
Shaders/Vertex/arbvp1/Default_PN.bls
Shaders/Vertex/arbvp1/Default_PNC.bls
Shaders/Vertex/arbvp1/Default_PNCT.bls
Shaders/Vertex/arbvp1/Default_PNCT2.bls
Shaders/Vertex/arbvp1/Default_PNT.bls
Shaders/Vertex/arbvp1/Default_PT.bls
Shaders/Vertex/arbvp1/DepthRange.bls
Shaders/Vertex/arbvp1/DetailDoodad.bls
Shaders/Vertex/arbvp1/Diffuse_EdgeFade_Env.bls
Shaders/Vertex/arbvp1/Diffuse_EdgeFade_T1.bls
Shaders/Vertex/arbvp1/Diffuse_EdgeFade_T1_T2.bls
Shaders/Vertex/arbvp1/Diffuse_Env.bls
Shaders/Vertex/arbvp1/Diffuse_Env_Env.bls
Shaders/Vertex/arbvp1/Diffuse_Env_T1.bls
Shaders/Vertex/arbvp1/Diffuse_Proj_Proj.bls
Shaders/Vertex/arbvp1/Diffuse_T1.bls
Shaders/Vertex/arbvp1/Diffuse_T1_Env.bls
Shaders/Vertex/arbvp1/Diffuse_T1_Env_T1.bls
Shaders/Vertex/arbvp1/Diffuse_T1_Env_T2.bls
Shaders/Vertex/arbvp1/Diffuse_T1_T1.bls
Shaders/Vertex/arbvp1/Diffuse_T1_T1_T1.bls
Shaders/Vertex/arbvp1/Diffuse_T1_T1_T1_T2.bls
Shaders/Vertex/arbvp1/Diffuse_T1_T2.bls
Shaders/Vertex/arbvp1/Diffuse_T1_T2_T1.bls
Shaders/Vertex/arbvp1/Diffuse_T2.bls
Shaders/Vertex/arbvp1/DNClouds.bls
Shaders/Vertex/arbvp1/DNGlare.bls
Shaders/Vertex/arbvp1/DNGlareQuery.bls
Shaders/Vertex/arbvp1/DNPlanet.bls
Shaders/Vertex/arbvp1/DNSky.bls
Shaders/Vertex/arbvp1/FFXGlowWave.bls
Shaders/Vertex/arbvp1/FFXNetherBlur.bls
Shaders/Vertex/arbvp1/FFXSubmarineWindow.bls
Shaders/Vertex/arbvp1/FFXWaterWindow.bls
Shaders/Vertex/arbvp1/FootPrint.bls
Shaders/Vertex/arbvp1/FourTapBlur.bls
Shaders/Vertex/arbvp1/FullScreen.bls
Shaders/Vertex/arbvp1/Gauss5x5.bls
Shaders/Vertex/arbvp1/GodRay.bls
Shaders/Vertex/arbvp1/Lightning.bls
Shaders/Vertex/arbvp1/LiquidDebug.bls
Shaders/Vertex/arbvp1/LiquidFog.bls
Shaders/Vertex/arbvp1/LitSphere_T1.bls
Shaders/Vertex/arbvp1/Magma.bls
Shaders/Vertex/arbvp1/MapObjDiffuse_Comp.bls
Shaders/Vertex/arbvp1/MapObjDiffuse_Comp_Refl.bls
Shaders/Vertex/arbvp1/MapObjDiffuse_Comp_Terrain.bls
Shaders/Vertex/arbvp1/MapObjDiffuse_T1.bls
Shaders/Vertex/arbvp1/MapObjDiffuse_T1_Env_T2.bls
Shaders/Vertex/arbvp1/MapObjDiffuse_T1_Refl.bls
Shaders/Vertex/arbvp1/MapObjDiffuse_T1_T2.bls
Shaders/Vertex/arbvp1/MapObjSpecular_T1.bls
Shaders/Vertex/arbvp1/Mercury.bls
Shaders/Vertex/arbvp1/PassThrough_PCT.bls
Shaders/Vertex/arbvp1/PassThrough_PT.bls
Shaders/Vertex/arbvp1/patter.bls
Shaders/Vertex/arbvp1/PerturbDisplMap.bls
Shaders/Vertex/arbvp1/PerturbDisplMapMesh.bls
Shaders/Vertex/arbvp1/PrepassDetailDoodad.bls
Shaders/Vertex/arbvp1/PrepassMapObjLow.bls
Shaders/Vertex/arbvp1/PrepassScreen.bls
Shaders/Vertex/arbvp1/PrepassTerrain.bls
Shaders/Vertex/arbvp1/PrepassTerrainLow.bls
Shaders/Vertex/arbvp1/ProcMagma.bls
Shaders/Vertex/arbvp1/ProcMercury.bls
Shaders/Vertex/arbvp1/ProcWater.bls
Shaders/Vertex/arbvp1/ProjTex2D.bls
Shaders/Vertex/arbvp1/ProjTex2D_Model2.bls
Shaders/Vertex/arbvp1/PropagateDisplMap.bls
Shaders/Vertex/arbvp1/rain.bls
Shaders/Vertex/arbvp1/sand.bls
Shaders/Vertex/arbvp1/ShadowMap.bls
Shaders/Vertex/arbvp1/ShadowMask.bls
Shaders/Vertex/arbvp1/ShadowMonk.bls
Shaders/Vertex/arbvp1/snowpoint.bls
Shaders/Vertex/arbvp1/SSAO.bls
Shaders/Vertex/arbvp1/SunShaftsMask.bls
Shaders/Vertex/arbvp1/SunShaftsPropagate.bls
Shaders/Vertex/arbvp1/Terrain.bls
Shaders/Vertex/arbvp1/TerrainBake.bls
Shaders/Vertex/arbvp1/TerrainTexture.bls
Shaders/Vertex/arbvp1/UI.bls
Shaders/Vertex/arbvp1/Water.bls
Shaders/Vertex/arbvp1/WaterFogPoly.bls
Shaders/Vertex/arbvp1/WaterRipples.bls
Shaders/Vertex/arbvp1/WeaponTrails.bls
Shaders/Vertex/arbvp1_cg12/Barrier.bls
Shaders/Vertex/arbvp1_cg12/CDiffuse_T1.bls
Shaders/Vertex/arbvp1_cg12/ClearDisplMap.bls
Shaders/Vertex/arbvp1_cg12/Color_Proj_Proj.bls
Shaders/Vertex/arbvp1_cg12/Color_T1.bls
Shaders/Vertex/arbvp1_cg12/DebugDraw.bls
Shaders/Vertex/arbvp1_cg12/Default_P.bls
Shaders/Vertex/arbvp1_cg12/Default_PC.bls
Shaders/Vertex/arbvp1_cg12/Default_PCT.bls
Shaders/Vertex/arbvp1_cg12/Default_PN.bls
Shaders/Vertex/arbvp1_cg12/Default_PNC.bls
Shaders/Vertex/arbvp1_cg12/Default_PNCT.bls
Shaders/Vertex/arbvp1_cg12/Default_PNCT2.bls
Shaders/Vertex/arbvp1_cg12/Default_PNT.bls
Shaders/Vertex/arbvp1_cg12/Default_PT.bls
Shaders/Vertex/arbvp1_cg12/DepthRange.bls
Shaders/Vertex/arbvp1_cg12/DetailDoodad.bls
Shaders/Vertex/arbvp1_cg12/Diffuse_EdgeFade_Env.bls
Shaders/Vertex/arbvp1_cg12/Diffuse_EdgeFade_T1.bls
Shaders/Vertex/arbvp1_cg12/Diffuse_EdgeFade_T1_T2.bls
Shaders/Vertex/arbvp1_cg12/Diffuse_Env.bls
Shaders/Vertex/arbvp1_cg12/Diffuse_Env_Env.bls
Shaders/Vertex/arbvp1_cg12/Diffuse_Env_T1.bls
Shaders/Vertex/arbvp1_cg12/Diffuse_Proj_Proj.bls
Shaders/Vertex/arbvp1_cg12/Diffuse_T1.bls
Shaders/Vertex/arbvp1_cg12/Diffuse_T1_Env.bls
Shaders/Vertex/arbvp1_cg12/Diffuse_T1_Env_T1.bls
Shaders/Vertex/arbvp1_cg12/Diffuse_T1_Env_T2.bls
Shaders/Vertex/arbvp1_cg12/Diffuse_T1_T1.bls
Shaders/Vertex/arbvp1_cg12/Diffuse_T1_T1_T1.bls
Shaders/Vertex/arbvp1_cg12/Diffuse_T1_T1_T1_T2.bls
Shaders/Vertex/arbvp1_cg12/Diffuse_T1_T2.bls
Shaders/Vertex/arbvp1_cg12/Diffuse_T1_T2_T1.bls
Shaders/Vertex/arbvp1_cg12/Diffuse_T2.bls
Shaders/Vertex/arbvp1_cg12/DNClouds.bls
Shaders/Vertex/arbvp1_cg12/DNGlare.bls
Shaders/Vertex/arbvp1_cg12/DNGlareQuery.bls
Shaders/Vertex/arbvp1_cg12/DNPlanet.bls
Shaders/Vertex/arbvp1_cg12/DNSky.bls
Shaders/Vertex/arbvp1_cg12/FFXNetherBlur.bls
Shaders/Vertex/arbvp1_cg12/FFXSubmarineWindow.bls
Shaders/Vertex/arbvp1_cg12/FFXWaterWindow.bls
Shaders/Vertex/arbvp1_cg12/FootPrint.bls
Shaders/Vertex/arbvp1_cg12/FourTapBlur.bls
Shaders/Vertex/arbvp1_cg12/Gauss5x5.bls
Shaders/Vertex/arbvp1_cg12/GodRay.bls
Shaders/Vertex/arbvp1_cg12/Lightning.bls
Shaders/Vertex/arbvp1_cg12/LiquidDebug.bls
Shaders/Vertex/arbvp1_cg12/LitSphere_T1.bls
Shaders/Vertex/arbvp1_cg12/Magma.bls
Shaders/Vertex/arbvp1_cg12/MapObjDiffuse_T1.bls
Shaders/Vertex/arbvp1_cg12/MapObjDiffuse_T1_Refl.bls
Shaders/Vertex/arbvp1_cg12/MapObjSpecular_T1.bls
Shaders/Vertex/arbvp1_cg12/Mercury.bls
Shaders/Vertex/arbvp1_cg12/PassThrough_PCT.bls
Shaders/Vertex/arbvp1_cg12/PassThrough_PT.bls
Shaders/Vertex/arbvp1_cg12/patter.bls
Shaders/Vertex/arbvp1_cg12/PerturbDisplMap.bls
Shaders/Vertex/arbvp1_cg12/PerturbDisplMapMesh.bls
Shaders/Vertex/arbvp1_cg12/ProcMercury.bls
Shaders/Vertex/arbvp1_cg12/ProcWater.bls
Shaders/Vertex/arbvp1_cg12/ProjTex2D.bls
Shaders/Vertex/arbvp1_cg12/ProjTex2D_Model2.bls
Shaders/Vertex/arbvp1_cg12/rain.bls
Shaders/Vertex/arbvp1_cg12/sand.bls
Shaders/Vertex/arbvp1_cg12/ShadowMap.bls
Shaders/Vertex/arbvp1_cg12/snowpoint.bls
Shaders/Vertex/arbvp1_cg12/SSAO.bls
Shaders/Vertex/arbvp1_cg12/SunShaftsMask.bls
Shaders/Vertex/arbvp1_cg12/SunShaftsPropagate.bls
Shaders/Vertex/arbvp1_cg12/Terrain.bls
Shaders/Vertex/arbvp1_cg12/UI.bls
Shaders/Vertex/arbvp1_cg12/Water.bls
Shaders/Vertex/arbvp1_cg12/WaterFogPoly.bls
Shaders/Vertex/arbvp1_cg12/WaterRipples.bls
Shaders/Vertex/arbvp1_cg12/WeaponTrails.bls
Shaders/Vertex/vp40/Avatar.bls
Shaders/Vertex/vp40/Barrier.bls
Shaders/Vertex/vp40/CDiffuse_T1.bls
Shaders/Vertex/vp40/ClearDisplMap.bls
Shaders/Vertex/vp40/Color_Proj_Proj.bls
Shaders/Vertex/vp40/Color_T1.bls
Shaders/Vertex/vp40/DebugDraw.bls
Shaders/Vertex/vp40/Default_P.bls
Shaders/Vertex/vp40/Default_PC.bls
Shaders/Vertex/vp40/Default_PCT.bls
Shaders/Vertex/vp40/Default_PN.bls
Shaders/Vertex/vp40/Default_PNC.bls
Shaders/Vertex/vp40/Default_PNCT.bls
Shaders/Vertex/vp40/Default_PNCT2.bls
Shaders/Vertex/vp40/Default_PNT.bls
Shaders/Vertex/vp40/Default_PT.bls
Shaders/Vertex/vp40/DepthRange.bls
Shaders/Vertex/vp40/DetailDoodad.bls
Shaders/Vertex/vp40/Diffuse_EdgeFade_Env.bls
Shaders/Vertex/vp40/Diffuse_EdgeFade_T1.bls
Shaders/Vertex/vp40/Diffuse_EdgeFade_T1_T2.bls
Shaders/Vertex/vp40/Diffuse_Env.bls
Shaders/Vertex/vp40/Diffuse_Env_Env.bls
Shaders/Vertex/vp40/Diffuse_Env_T1.bls
Shaders/Vertex/vp40/Diffuse_Proj_Proj.bls
Shaders/Vertex/vp40/Diffuse_T1.bls
Shaders/Vertex/vp40/Diffuse_T1_Env.bls
Shaders/Vertex/vp40/Diffuse_T1_Env_T1.bls
Shaders/Vertex/vp40/Diffuse_T1_Env_T2.bls
Shaders/Vertex/vp40/Diffuse_T1_T1.bls
Shaders/Vertex/vp40/Diffuse_T1_T1_T1.bls
Shaders/Vertex/vp40/Diffuse_T1_T1_T1_T2.bls
Shaders/Vertex/vp40/Diffuse_T1_T2.bls
Shaders/Vertex/vp40/Diffuse_T1_T2_T1.bls
Shaders/Vertex/vp40/Diffuse_T2.bls
Shaders/Vertex/vp40/DNClouds.bls
Shaders/Vertex/vp40/DNGlare.bls
Shaders/Vertex/vp40/DNGlareQuery.bls
Shaders/Vertex/vp40/DNPlanet.bls
Shaders/Vertex/vp40/DNSky.bls
Shaders/Vertex/vp40/FFXGlowWave.bls
Shaders/Vertex/vp40/FFXNetherBlur.bls
Shaders/Vertex/vp40/FFXSubmarineWindow.bls
Shaders/Vertex/vp40/FFXWaterWindow.bls
Shaders/Vertex/vp40/FootPrint.bls
Shaders/Vertex/vp40/FourTapBlur.bls
Shaders/Vertex/vp40/FullScreen.bls
Shaders/Vertex/vp40/Gauss5x5.bls
Shaders/Vertex/vp40/GodRay.bls
Shaders/Vertex/vp40/Lightning.bls
Shaders/Vertex/vp40/LiquidDebug.bls
Shaders/Vertex/vp40/LiquidFog.bls
Shaders/Vertex/vp40/LitSphere_T1.bls
Shaders/Vertex/vp40/Magma.bls
Shaders/Vertex/vp40/MapObjDiffuse_Comp.bls
Shaders/Vertex/vp40/MapObjDiffuse_Comp_Refl.bls
Shaders/Vertex/vp40/MapObjDiffuse_Comp_Terrain.bls
Shaders/Vertex/vp40/MapObjDiffuse_T1.bls
Shaders/Vertex/vp40/MapObjDiffuse_T1_Env_T2.bls
Shaders/Vertex/vp40/MapObjDiffuse_T1_Refl.bls
Shaders/Vertex/vp40/MapObjDiffuse_T1_T2.bls
Shaders/Vertex/vp40/MapObjSpecular_T1.bls
Shaders/Vertex/vp40/Mercury.bls
Shaders/Vertex/vp40/PassThrough_PCT.bls
Shaders/Vertex/vp40/PassThrough_PT.bls
Shaders/Vertex/vp40/patter.bls
Shaders/Vertex/vp40/PerturbDisplMap.bls
Shaders/Vertex/vp40/PerturbDisplMapMesh.bls
Shaders/Vertex/vp40/PrepassDetailDoodad.bls
Shaders/Vertex/vp40/PrepassMapObjLow.bls
Shaders/Vertex/vp40/PrepassScreen.bls
Shaders/Vertex/vp40/PrepassTerrain.bls
Shaders/Vertex/vp40/PrepassTerrainLow.bls
Shaders/Vertex/vp40/ProcMagma.bls
Shaders/Vertex/vp40/ProcMercury.bls
Shaders/Vertex/vp40/ProcWater.bls
Shaders/Vertex/vp40/ProjTex2D.bls
Shaders/Vertex/vp40/ProjTex2D_Model2.bls
Shaders/Vertex/vp40/PropagateDisplMap.bls
Shaders/Vertex/vp40/rain.bls
Shaders/Vertex/vp40/sand.bls
Shaders/Vertex/vp40/ShadowMap.bls
Shaders/Vertex/vp40/ShadowMask.bls
Shaders/Vertex/vp40/ShadowMonk.bls
Shaders/Vertex/vp40/snowpoint.bls
Shaders/Vertex/vp40/SSAO.bls
Shaders/Vertex/vp40/SunShaftsMask.bls
Shaders/Vertex/vp40/SunShaftsPropagate.bls
Shaders/Vertex/vp40/Terrain.bls
Shaders/Vertex/vp40/TerrainBake.bls
Shaders/Vertex/vp40/TerrainTexture.bls
Shaders/Vertex/vp40/UI.bls
Shaders/Vertex/vp40/Water.bls
Shaders/Vertex/vp40/WaterFogPoly.bls
Shaders/Vertex/vp40/WaterRipples.bls
Shaders/Vertex/vp40/WeaponTrails.bls
Shaders/Vertex/vs_2_0/Avatar.bls
Shaders/Vertex/vs_2_0/Barrier.bls
Shaders/Vertex/vs_2_0/CDiffuse_T1.bls
Shaders/Vertex/vs_2_0/Color_Proj_Proj.bls
Shaders/Vertex/vs_2_0/Color_T1.bls
Shaders/Vertex/vs_2_0/DebugDraw.bls
Shaders/Vertex/vs_2_0/Default_P.bls
Shaders/Vertex/vs_2_0/Default_PC.bls
Shaders/Vertex/vs_2_0/Default_PCT.bls
Shaders/Vertex/vs_2_0/Default_PN.bls
Shaders/Vertex/vs_2_0/Default_PNC.bls
Shaders/Vertex/vs_2_0/Default_PNCT.bls
Shaders/Vertex/vs_2_0/Default_PNCT2.bls
Shaders/Vertex/vs_2_0/Default_PNT.bls
Shaders/Vertex/vs_2_0/Default_PT.bls
Shaders/Vertex/vs_2_0/DepthRange.bls
Shaders/Vertex/vs_2_0/DetailDoodad.bls
Shaders/Vertex/vs_2_0/Diffuse_EdgeFade_Env.bls
Shaders/Vertex/vs_2_0/Diffuse_EdgeFade_T1.bls
Shaders/Vertex/vs_2_0/Diffuse_EdgeFade_T1_T2.bls
Shaders/Vertex/vs_2_0/Diffuse_Env.bls
Shaders/Vertex/vs_2_0/Diffuse_Env_Env.bls
Shaders/Vertex/vs_2_0/Diffuse_Env_T1.bls
Shaders/Vertex/vs_2_0/Diffuse_Proj_Proj.bls
Shaders/Vertex/vs_2_0/Diffuse_T1.bls
Shaders/Vertex/vs_2_0/Diffuse_T1_Env.bls
Shaders/Vertex/vs_2_0/Diffuse_T1_Env_T1.bls
Shaders/Vertex/vs_2_0/Diffuse_T1_Env_T2.bls
Shaders/Vertex/vs_2_0/Diffuse_T1_T1.bls
Shaders/Vertex/vs_2_0/Diffuse_T1_T1_T1.bls
Shaders/Vertex/vs_2_0/Diffuse_T1_T1_T1_T2.bls
Shaders/Vertex/vs_2_0/Diffuse_T1_T2.bls
Shaders/Vertex/vs_2_0/Diffuse_T1_T2_T1.bls
Shaders/Vertex/vs_2_0/Diffuse_T2.bls
Shaders/Vertex/vs_2_0/DNClouds.bls
Shaders/Vertex/vs_2_0/DNGlare.bls
Shaders/Vertex/vs_2_0/DNGlareQuery.bls
Shaders/Vertex/vs_2_0/DNPlanet.bls
Shaders/Vertex/vs_2_0/DNSky.bls
Shaders/Vertex/vs_2_0/FFXGlowWave.bls
Shaders/Vertex/vs_2_0/FFXNetherBlur.bls
Shaders/Vertex/vs_2_0/FFXSubmarineWindow.bls
Shaders/Vertex/vs_2_0/FFXWaterWindow.bls
Shaders/Vertex/vs_2_0/FootPrint.bls
Shaders/Vertex/vs_2_0/FourTapBlur.bls
Shaders/Vertex/vs_2_0/FullScreen.bls
Shaders/Vertex/vs_2_0/Gauss5x5.bls
Shaders/Vertex/vs_2_0/Grid.bls
Shaders/Vertex/vs_2_0/Lightning.bls
Shaders/Vertex/vs_2_0/LiquidDebug.bls
Shaders/Vertex/vs_2_0/LiquidFog.bls
Shaders/Vertex/vs_2_0/LitSphere_T1.bls
Shaders/Vertex/vs_2_0/Magma.bls
Shaders/Vertex/vs_2_0/MapObjDiffuse_Comp.bls
Shaders/Vertex/vs_2_0/MapObjDiffuse_Comp_Refl.bls
Shaders/Vertex/vs_2_0/MapObjDiffuse_Comp_Terrain.bls
Shaders/Vertex/vs_2_0/MapObjDiffuse_T1.bls
Shaders/Vertex/vs_2_0/MapObjDiffuse_T1_Env_T2.bls
Shaders/Vertex/vs_2_0/MapObjDiffuse_T1_Refl.bls
Shaders/Vertex/vs_2_0/MapObjDiffuse_T1_T2.bls
Shaders/Vertex/vs_2_0/MapObjSpecular_T1.bls
Shaders/Vertex/vs_2_0/Mercury.bls
Shaders/Vertex/vs_2_0/PassThrough_PCT.bls
Shaders/Vertex/vs_2_0/PassThrough_PT.bls
Shaders/Vertex/vs_2_0/patter.bls
Shaders/Vertex/vs_2_0/PrepassDetailDoodad.bls
Shaders/Vertex/vs_2_0/PrepassMapObjLow.bls
Shaders/Vertex/vs_2_0/PrepassScreen.bls
Shaders/Vertex/vs_2_0/PrepassTerrain.bls
Shaders/Vertex/vs_2_0/PrepassTerrainLow.bls
Shaders/Vertex/vs_2_0/ProcMagma.bls
Shaders/Vertex/vs_2_0/ProcMercury.bls
Shaders/Vertex/vs_2_0/ProcWater.bls
Shaders/Vertex/vs_2_0/ProjTex2D.bls
Shaders/Vertex/vs_2_0/ProjTex2D_Model2.bls
Shaders/Vertex/vs_2_0/rain.bls
Shaders/Vertex/vs_2_0/sand.bls
Shaders/Vertex/vs_2_0/ShadowMap.bls
Shaders/Vertex/vs_2_0/ShadowMask.bls
Shaders/Vertex/vs_2_0/ShadowMonk.bls
Shaders/Vertex/vs_2_0/snowpoint.bls
Shaders/Vertex/vs_2_0/SSAO.bls
Shaders/Vertex/vs_2_0/SunShaftsMask.bls
Shaders/Vertex/vs_2_0/SunShaftsPropagate.bls
Shaders/Vertex/vs_2_0/Terrain.bls
Shaders/Vertex/vs_2_0/TerrainBake.bls
Shaders/Vertex/vs_2_0/TerrainTexture.bls
Shaders/Vertex/vs_2_0/UI.bls
Shaders/Vertex/vs_2_0/Water.bls
Shaders/Vertex/vs_2_0/WaterFogPoly.bls
Shaders/Vertex/vs_2_0/WaterRipples.bls
Shaders/Vertex/vs_2_0/WeaponTrails.bls
Shaders/Vertex/vs_3_0/Avatar.bls
Shaders/Vertex/vs_3_0/Barrier.bls
Shaders/Vertex/vs_3_0/CDiffuse_T1.bls
Shaders/Vertex/vs_3_0/ClearDisplMap.bls
Shaders/Vertex/vs_3_0/Color_Proj_Proj.bls
Shaders/Vertex/vs_3_0/Color_T1.bls
Shaders/Vertex/vs_3_0/DebugDraw.bls
Shaders/Vertex/vs_3_0/Default_P.bls
Shaders/Vertex/vs_3_0/Default_PC.bls
Shaders/Vertex/vs_3_0/Default_PCT.bls
Shaders/Vertex/vs_3_0/Default_PN.bls
Shaders/Vertex/vs_3_0/Default_PNC.bls
Shaders/Vertex/vs_3_0/Default_PNCT.bls
Shaders/Vertex/vs_3_0/Default_PNCT2.bls
Shaders/Vertex/vs_3_0/Default_PNT.bls
Shaders/Vertex/vs_3_0/Default_PT.bls
Shaders/Vertex/vs_3_0/DepthRange.bls
Shaders/Vertex/vs_3_0/DetailDoodad.bls
Shaders/Vertex/vs_3_0/Diffuse_EdgeFade_Env.bls
Shaders/Vertex/vs_3_0/Diffuse_EdgeFade_T1.bls
Shaders/Vertex/vs_3_0/Diffuse_EdgeFade_T1_T2.bls
Shaders/Vertex/vs_3_0/Diffuse_Env.bls
Shaders/Vertex/vs_3_0/Diffuse_Env_Env.bls
Shaders/Vertex/vs_3_0/Diffuse_Env_T1.bls
Shaders/Vertex/vs_3_0/Diffuse_Proj_Proj.bls
Shaders/Vertex/vs_3_0/Diffuse_T1.bls
Shaders/Vertex/vs_3_0/Diffuse_T1_Env.bls
Shaders/Vertex/vs_3_0/Diffuse_T1_Env_T1.bls
Shaders/Vertex/vs_3_0/Diffuse_T1_Env_T2.bls
Shaders/Vertex/vs_3_0/Diffuse_T1_T1.bls
Shaders/Vertex/vs_3_0/Diffuse_T1_T1_T1.bls
Shaders/Vertex/vs_3_0/Diffuse_T1_T1_T1_T2.bls
Shaders/Vertex/vs_3_0/Diffuse_T1_T2.bls
Shaders/Vertex/vs_3_0/Diffuse_T1_T2_T1.bls
Shaders/Vertex/vs_3_0/Diffuse_T2.bls
Shaders/Vertex/vs_3_0/DNClouds.bls
Shaders/Vertex/vs_3_0/DNGlare.bls
Shaders/Vertex/vs_3_0/DNGlareQuery.bls
Shaders/Vertex/vs_3_0/DNPlanet.bls
Shaders/Vertex/vs_3_0/DNSky.bls
Shaders/Vertex/vs_3_0/FFXGlowWave.bls
Shaders/Vertex/vs_3_0/FFXNetherBlur.bls
Shaders/Vertex/vs_3_0/FFXSubmarineWindow.bls
Shaders/Vertex/vs_3_0/FFXWaterWindow.bls
Shaders/Vertex/vs_3_0/FootPrint.bls
Shaders/Vertex/vs_3_0/FourTapBlur.bls
Shaders/Vertex/vs_3_0/FullScreen.bls
Shaders/Vertex/vs_3_0/Gauss5x5.bls
Shaders/Vertex/vs_3_0/GodRay.bls
Shaders/Vertex/vs_3_0/Grid.bls
Shaders/Vertex/vs_3_0/Lightning.bls
Shaders/Vertex/vs_3_0/LiquidDebug.bls
Shaders/Vertex/vs_3_0/LiquidFog.bls
Shaders/Vertex/vs_3_0/LitSphere_T1.bls
Shaders/Vertex/vs_3_0/Magma.bls
Shaders/Vertex/vs_3_0/MapObjDiffuse_Comp.bls
Shaders/Vertex/vs_3_0/MapObjDiffuse_Comp_Refl.bls
Shaders/Vertex/vs_3_0/MapObjDiffuse_Comp_Terrain.bls
Shaders/Vertex/vs_3_0/MapObjDiffuse_T1.bls
Shaders/Vertex/vs_3_0/MapObjDiffuse_T1_Env_T2.bls
Shaders/Vertex/vs_3_0/MapObjDiffuse_T1_Refl.bls
Shaders/Vertex/vs_3_0/MapObjDiffuse_T1_T2.bls
Shaders/Vertex/vs_3_0/MapObjSpecular_T1.bls
Shaders/Vertex/vs_3_0/Mercury.bls
Shaders/Vertex/vs_3_0/PassThrough_PCT.bls
Shaders/Vertex/vs_3_0/PassThrough_PT.bls
Shaders/Vertex/vs_3_0/patter.bls
Shaders/Vertex/vs_3_0/PerturbDisplMap.bls
Shaders/Vertex/vs_3_0/PerturbDisplMapMesh.bls
Shaders/Vertex/vs_3_0/PrepassDetailDoodad.bls
Shaders/Vertex/vs_3_0/PrepassMapObjLow.bls
Shaders/Vertex/vs_3_0/PrepassScreen.bls
Shaders/Vertex/vs_3_0/PrepassTerrain.bls
Shaders/Vertex/vs_3_0/PrepassTerrainLow.bls
Shaders/Vertex/vs_3_0/ProcMagma.bls
Shaders/Vertex/vs_3_0/ProcMercury.bls
Shaders/Vertex/vs_3_0/ProcWater.bls
Shaders/Vertex/vs_3_0/ProjTex2D.bls
Shaders/Vertex/vs_3_0/ProjTex2D_Model2.bls
Shaders/Vertex/vs_3_0/PropagateDisplMap.bls
Shaders/Vertex/vs_3_0/rain.bls
Shaders/Vertex/vs_3_0/sand.bls
Shaders/Vertex/vs_3_0/ShadowMap.bls
Shaders/Vertex/vs_3_0/ShadowMask.bls
Shaders/Vertex/vs_3_0/ShadowMonk.bls
Shaders/Vertex/vs_3_0/snowpoint.bls
Shaders/Vertex/vs_3_0/SSAO.bls
Shaders/Vertex/vs_3_0/SunShaftsMask.bls
Shaders/Vertex/vs_3_0/SunShaftsPropagate.bls
Shaders/Vertex/vs_3_0/Terrain.bls
Shaders/Vertex/vs_3_0/TerrainBake.bls
Shaders/Vertex/vs_3_0/TerrainTexture.bls
Shaders/Vertex/vs_3_0/UI.bls
Shaders/Vertex/vs_3_0/Water.bls
Shaders/Vertex/vs_3_0/WaterFogPoly.bls
Shaders/Vertex/vs_3_0/WaterRipples.bls
Shaders/Vertex/vs_3_0/WeaponTrails.bls
Shaders/Vertex/vs_4_0/Avatar.bls
Shaders/Vertex/vs_4_0/Barrier.bls
Shaders/Vertex/vs_4_0/CDiffuse_T1.bls
Shaders/Vertex/vs_4_0/Clear.bls
Shaders/Vertex/vs_4_0/ClearDisplMap.bls
Shaders/Vertex/vs_4_0/Color_Proj_Proj.bls
Shaders/Vertex/vs_4_0/Color_T1.bls
Shaders/Vertex/vs_4_0/DebugDraw.bls
Shaders/Vertex/vs_4_0/Default_P.bls
Shaders/Vertex/vs_4_0/Default_PC.bls
Shaders/Vertex/vs_4_0/Default_PCT.bls
Shaders/Vertex/vs_4_0/Default_PN.bls
Shaders/Vertex/vs_4_0/Default_PNC.bls
Shaders/Vertex/vs_4_0/Default_PNCT.bls
Shaders/Vertex/vs_4_0/Default_PNCT2.bls
Shaders/Vertex/vs_4_0/Default_PNT.bls
Shaders/Vertex/vs_4_0/Default_PT.bls
Shaders/Vertex/vs_4_0/DepthRange.bls
Shaders/Vertex/vs_4_0/DetailDoodad.bls
Shaders/Vertex/vs_4_0/Diffuse_EdgeFade_Env.bls
Shaders/Vertex/vs_4_0/Diffuse_EdgeFade_T1.bls
Shaders/Vertex/vs_4_0/Diffuse_EdgeFade_T1_T2.bls
Shaders/Vertex/vs_4_0/Diffuse_Env.bls
Shaders/Vertex/vs_4_0/Diffuse_Env_Env.bls
Shaders/Vertex/vs_4_0/Diffuse_Env_T1.bls
Shaders/Vertex/vs_4_0/Diffuse_Proj_Proj.bls
Shaders/Vertex/vs_4_0/Diffuse_T1.bls
Shaders/Vertex/vs_4_0/Diffuse_T1_Env.bls
Shaders/Vertex/vs_4_0/Diffuse_T1_Env_T1.bls
Shaders/Vertex/vs_4_0/Diffuse_T1_Env_T2.bls
Shaders/Vertex/vs_4_0/Diffuse_T1_T1.bls
Shaders/Vertex/vs_4_0/Diffuse_T1_T1_T1.bls
Shaders/Vertex/vs_4_0/Diffuse_T1_T1_T1_T2.bls
Shaders/Vertex/vs_4_0/Diffuse_T1_T2.bls
Shaders/Vertex/vs_4_0/Diffuse_T1_T2_T1.bls
Shaders/Vertex/vs_4_0/Diffuse_T2.bls
Shaders/Vertex/vs_4_0/DNClouds.bls
Shaders/Vertex/vs_4_0/DNGlare.bls
Shaders/Vertex/vs_4_0/DNGlareQuery.bls
Shaders/Vertex/vs_4_0/DNPlanet.bls
Shaders/Vertex/vs_4_0/DNSky.bls
Shaders/Vertex/vs_4_0/FFXGlowWave.bls
Shaders/Vertex/vs_4_0/FFXNetherBlur.bls
Shaders/Vertex/vs_4_0/FFXSubmarineWindow.bls
Shaders/Vertex/vs_4_0/FFXWaterWindow.bls
Shaders/Vertex/vs_4_0/FootPrint.bls
Shaders/Vertex/vs_4_0/FourTapBlur.bls
Shaders/Vertex/vs_4_0/FullScreen.bls
Shaders/Vertex/vs_4_0/Gauss5x5.bls
Shaders/Vertex/vs_4_0/GodRay.bls
Shaders/Vertex/vs_4_0/Grid.bls
Shaders/Vertex/vs_4_0/Lightning.bls
Shaders/Vertex/vs_4_0/LiquidDebug.bls
Shaders/Vertex/vs_4_0/LiquidFog.bls
Shaders/Vertex/vs_4_0/LitSphere_T1.bls
Shaders/Vertex/vs_4_0/Magma.bls
Shaders/Vertex/vs_4_0/MapObjDiffuse_Comp.bls
Shaders/Vertex/vs_4_0/MapObjDiffuse_Comp_Refl.bls
Shaders/Vertex/vs_4_0/MapObjDiffuse_Comp_Terrain.bls
Shaders/Vertex/vs_4_0/MapObjDiffuse_T1.bls
Shaders/Vertex/vs_4_0/MapObjDiffuse_T1_Env_T2.bls
Shaders/Vertex/vs_4_0/MapObjDiffuse_T1_Refl.bls
Shaders/Vertex/vs_4_0/MapObjDiffuse_T1_T2.bls
Shaders/Vertex/vs_4_0/MapObjSpecular_T1.bls
Shaders/Vertex/vs_4_0/Mercury.bls
Shaders/Vertex/vs_4_0/PassThrough_PCT.bls
Shaders/Vertex/vs_4_0/PassThrough_PT.bls
Shaders/Vertex/vs_4_0/patter.bls
Shaders/Vertex/vs_4_0/PerturbDisplMap.bls
Shaders/Vertex/vs_4_0/PerturbDisplMapMesh.bls
Shaders/Vertex/vs_4_0/PrepassDetailDoodad.bls
Shaders/Vertex/vs_4_0/PrepassMapObjLow.bls
Shaders/Vertex/vs_4_0/PrepassScreen.bls
Shaders/Vertex/vs_4_0/PrepassTerrain.bls
Shaders/Vertex/vs_4_0/PrepassTerrainLow.bls
Shaders/Vertex/vs_4_0/ProcMagma.bls
Shaders/Vertex/vs_4_0/ProcMercury.bls
Shaders/Vertex/vs_4_0/ProcWater.bls
Shaders/Vertex/vs_4_0/ProjTex2D.bls
Shaders/Vertex/vs_4_0/ProjTex2D_Model2.bls
Shaders/Vertex/vs_4_0/PropagateDisplMap.bls
Shaders/Vertex/vs_4_0/rain.bls
Shaders/Vertex/vs_4_0/Resolve.bls
Shaders/Vertex/vs_4_0/sand.bls
Shaders/Vertex/vs_4_0/ShadowMap.bls
Shaders/Vertex/vs_4_0/ShadowMask.bls
Shaders/Vertex/vs_4_0/ShadowMonk.bls
Shaders/Vertex/vs_4_0/snowpoint.bls
Shaders/Vertex/vs_4_0/SSAO.bls
Shaders/Vertex/vs_4_0/SunShaftsMask.bls
Shaders/Vertex/vs_4_0/SunShaftsPropagate.bls
Shaders/Vertex/vs_4_0/Terrain.bls
Shaders/Vertex/vs_4_0/TerrainBake.bls
Shaders/Vertex/vs_4_0/TerrainTexture.bls
Shaders/Vertex/vs_4_0/UI.bls
Shaders/Vertex/vs_4_0/Water.bls
Shaders/Vertex/vs_4_0/WaterFogPoly.bls
Shaders/Vertex/vs_4_0/WaterRipples.bls
Shaders/Vertex/vs_4_0/WeaponTrails.bls
Shaders/Vertex/vs_5_0/Avatar.bls
Shaders/Vertex/vs_5_0/Barrier.bls
Shaders/Vertex/vs_5_0/CDiffuse_T1.bls
Shaders/Vertex/vs_5_0/Clear.bls
Shaders/Vertex/vs_5_0/ClearDisplMap.bls
Shaders/Vertex/vs_5_0/Color_Proj_Proj.bls
Shaders/Vertex/vs_5_0/Color_T1.bls
Shaders/Vertex/vs_5_0/DebugDraw.bls
Shaders/Vertex/vs_5_0/Default_P.bls
Shaders/Vertex/vs_5_0/Default_PC.bls
Shaders/Vertex/vs_5_0/Default_PCT.bls
Shaders/Vertex/vs_5_0/Default_PN.bls
Shaders/Vertex/vs_5_0/Default_PNC.bls
Shaders/Vertex/vs_5_0/Default_PNCT.bls
Shaders/Vertex/vs_5_0/Default_PNCT2.bls
Shaders/Vertex/vs_5_0/Default_PNT.bls
Shaders/Vertex/vs_5_0/Default_PT.bls
Shaders/Vertex/vs_5_0/DepthRange.bls
Shaders/Vertex/vs_5_0/DetailDoodad.bls
Shaders/Vertex/vs_5_0/Diffuse_EdgeFade_Env.bls
Shaders/Vertex/vs_5_0/Diffuse_EdgeFade_T1.bls
Shaders/Vertex/vs_5_0/Diffuse_EdgeFade_T1_T2.bls
Shaders/Vertex/vs_5_0/Diffuse_Env.bls
Shaders/Vertex/vs_5_0/Diffuse_Env_Env.bls
Shaders/Vertex/vs_5_0/Diffuse_Env_T1.bls
Shaders/Vertex/vs_5_0/Diffuse_Proj_Proj.bls
Shaders/Vertex/vs_5_0/Diffuse_T1.bls
Shaders/Vertex/vs_5_0/Diffuse_T1_Env.bls
Shaders/Vertex/vs_5_0/Diffuse_T1_Env_T1.bls
Shaders/Vertex/vs_5_0/Diffuse_T1_Env_T2.bls
Shaders/Vertex/vs_5_0/Diffuse_T1_T1.bls
Shaders/Vertex/vs_5_0/Diffuse_T1_T1_T1.bls
Shaders/Vertex/vs_5_0/Diffuse_T1_T1_T1_T2.bls
Shaders/Vertex/vs_5_0/Diffuse_T1_T2.bls
Shaders/Vertex/vs_5_0/Diffuse_T1_T2_T1.bls
Shaders/Vertex/vs_5_0/Diffuse_T2.bls
Shaders/Vertex/vs_5_0/DNClouds.bls
Shaders/Vertex/vs_5_0/DNGlare.bls
Shaders/Vertex/vs_5_0/DNGlareQuery.bls
Shaders/Vertex/vs_5_0/DNPlanet.bls
Shaders/Vertex/vs_5_0/DNSky.bls
Shaders/Vertex/vs_5_0/FFXGlowWave.bls
Shaders/Vertex/vs_5_0/FFXNetherBlur.bls
Shaders/Vertex/vs_5_0/FFXSubmarineWindow.bls
Shaders/Vertex/vs_5_0/FFXWaterWindow.bls
Shaders/Vertex/vs_5_0/FootPrint.bls
Shaders/Vertex/vs_5_0/FourTapBlur.bls
Shaders/Vertex/vs_5_0/FullScreen.bls
Shaders/Vertex/vs_5_0/Gauss5x5.bls
Shaders/Vertex/vs_5_0/GodRay.bls
Shaders/Vertex/vs_5_0/Grid.bls
Shaders/Vertex/vs_5_0/Lightning.bls
Shaders/Vertex/vs_5_0/LiquidDebug.bls
Shaders/Vertex/vs_5_0/LiquidFog.bls
Shaders/Vertex/vs_5_0/LitSphere_T1.bls
Shaders/Vertex/vs_5_0/Magma.bls
Shaders/Vertex/vs_5_0/MapObjDiffuse_Comp.bls
Shaders/Vertex/vs_5_0/MapObjDiffuse_Comp_Refl.bls
Shaders/Vertex/vs_5_0/MapObjDiffuse_Comp_Terrain.bls
Shaders/Vertex/vs_5_0/MapObjDiffuse_T1.bls
Shaders/Vertex/vs_5_0/MapObjDiffuse_T1_Env_T2.bls
Shaders/Vertex/vs_5_0/MapObjDiffuse_T1_Refl.bls
Shaders/Vertex/vs_5_0/MapObjDiffuse_T1_T2.bls
Shaders/Vertex/vs_5_0/MapObjSpecular_T1.bls
Shaders/Vertex/vs_5_0/Mercury.bls
Shaders/Vertex/vs_5_0/PassThrough_PCT.bls
Shaders/Vertex/vs_5_0/PassThrough_PT.bls
Shaders/Vertex/vs_5_0/patter.bls
Shaders/Vertex/vs_5_0/PerturbDisplMap.bls
Shaders/Vertex/vs_5_0/PerturbDisplMapMesh.bls
Shaders/Vertex/vs_5_0/PrepassDetailDoodad.bls
Shaders/Vertex/vs_5_0/PrepassMapObjLow.bls
Shaders/Vertex/vs_5_0/PrepassScreen.bls
Shaders/Vertex/vs_5_0/PrepassTerrain.bls
Shaders/Vertex/vs_5_0/PrepassTerrainLow.bls
Shaders/Vertex/vs_5_0/ProcMagma.bls
Shaders/Vertex/vs_5_0/ProcMercury.bls
Shaders/Vertex/vs_5_0/ProcWater.bls
Shaders/Vertex/vs_5_0/ProjTex2D.bls
Shaders/Vertex/vs_5_0/ProjTex2D_Model2.bls
Shaders/Vertex/vs_5_0/PropagateDisplMap.bls
Shaders/Vertex/vs_5_0/rain.bls
Shaders/Vertex/vs_5_0/Resolve.bls
Shaders/Vertex/vs_5_0/sand.bls
Shaders/Vertex/vs_5_0/ShadowMap.bls
Shaders/Vertex/vs_5_0/ShadowMask.bls
Shaders/Vertex/vs_5_0/ShadowMonk.bls
Shaders/Vertex/vs_5_0/snowpoint.bls
Shaders/Vertex/vs_5_0/SSAO.bls
Shaders/Vertex/vs_5_0/SunShaftsMask.bls
Shaders/Vertex/vs_5_0/SunShaftsPropagate.bls
Shaders/Vertex/vs_5_0/Terrain.bls
Shaders/Vertex/vs_5_0/TerrainBake.bls
Shaders/Vertex/vs_5_0/TerrainTexture.bls
Shaders/Vertex/vs_5_0/UI.bls
Shaders/Vertex/vs_5_0/Water.bls
Shaders/Vertex/vs_5_0/WaterFogPoly.bls
Shaders/Vertex/vs_5_0/WaterRipples.bls
Shaders/Vertex/vs_5_0/WeaponTrails.bls

# Spells
Spells\CyanStarFlash.blp
Spells\T_VFX_AURA01.BLP
Spells\T_VFX_FLAR_BLUR_64.BLP
Spells\T_VFX_SMOKE_CREEPY.BLP
Particles\LoginFX.m2
Particles\LoginFX00.skin
Creature\FIREELEMENTAL\EMBER.BLP
Particles\Gradient64b.blp
textures\Footsteps\BareFootprint.blp
textures\Footsteps\BaseFootprint.blp
textures\Footsteps\ClawFootprint.blp
textures\Footsteps\ClovenFootprint.blp
textures\Footsteps\HoofFootprint.blp
textures\Footsteps\PawFootprint.blp
Textures\ShadowBlob.blp
World\KALIMDOR\HYJAL\LARGEWATERFALL\WATERFALL_Color4.BLP
World\KALIMDOR\ORGRIMMAR\PASSIVEDOODADS\ORGRIMMARBONFIRE\GENERICGlow_ALPHA_128.BLP
World\liquid.tex
World\model.blob
XTextures\FX\LBTBarrier.blp
XTextures\FX\LBTBarrierMask.blp
XTextures\FX\litsphere.blp
xtextures\fx\screenmask.blp

tos.html
eula.html
credits.html
connection-help.html


