# Non race specific files that are required or preferred to have been loaded by the time we enter world. 
Interface\AchievementFrame\GuildTabard.blp
Interface\AchievementFrame\UI-Achievement-Alert-Background.blp
Interface\AchievementFrame\UI-Achievement-Borders.blp
Interface\AchievementFrame\UI-Achievement-Guild.blp
Interface\AchievementFrame\UI-Achievement-Parchment-Horizontal-Desaturated.blp
Interface\AchievementFrame\UI-GuildAchievement-Parchment-Horizontal.blp
Interface\Archeology\Arch-BookCompletedLeft.blp
Interface\Archeology\Arch-BookCompletedRight.blp
Interface\Archeology\Arch-FlareEffect.blp
Interface\Archeology\Arch-Help.blp
Interface\Archeology\Arch-Race-Draenei.blp
Interface\Archeology\Arch-Race-Dwarf.blp
Interface\Archeology\Arch-Race-Fossil.blp
Interface\Archeology\Arch-Race-Misc.blp
Interface\Archeology\Arch-Race-NightElf.blp
Interface\Archeology\Arch-Race-Orc.blp
Interface\Archeology\Arch-Race-Tolvir.blp
Interface\Archeology\Arch-Race-Troll.blp
Interface\Archeology\Arch-Race-Vrykul.blp
Interface\AuctionFrame\UI-AuctionFrame-Auction-Bot.blp
Interface\AuctionFrame\UI-AuctionFrame-Auction-BotLeft.blp
Interface\AuctionFrame\UI-AuctionFrame-Auction-BotRight.blp
Interface\AuctionFrame\UI-AuctionFrame-Auction-Top.blp
Interface\AuctionFrame\UI-AuctionFrame-Auction-TopLeft.blp
Interface\AuctionFrame\UI-AuctionFrame-Auction-TopRight.blp
Interface\AuctionFrame\UI-AuctionFrame-Bid-BotLeft.blp
Interface\AuctionFrame\UI-AuctionFrame-Bid-BotRight.blp
Interface\AuctionFrame\UI-AuctionFrame-Bid-TopLeft.blp
Interface\AuctionFrame\UI-AuctionFrame-FilterBg.blp
Interface\AuctionFrame\UI-AuctionFrame-ItemSlot.blp
Interface\AuctionFrame\UI-AuctionPost-Endcaps.blp
Interface\BankFrame\UI-BankFrame.blp
Interface\Buttons\Button-Backpack-Up.blp
Interface\Buttons\CheckButtonHilight.blp
Interface\Buttons\CollapsibleHeader.blp
Interface\Buttons\Spell-Reset.blp
Interface\Buttons\UI-ListBox-Highlight.blp
Interface\Buttons\UI-Listbox-Highlight2.blp
Interface\Buttons\UI-MicroButton-Achievement-Up.blp
Interface\Buttons\UI-MicroButton-Help-Down.blp
Interface\Buttons\UI-MicroButton-Help-Up.blp
Interface\Buttons\UI-MicroButton-LFG-Up.blp
Interface\Buttons\UI-MicroButton-MainMenu-Down.blp
Interface\Buttons\UI-MicroButton-MainMenu-Up.blp
Interface\Buttons\UI-MicroButton-Quest-Down.blp
Interface\Buttons\UI-MicroButton-Quest-Up.blp
Interface\Buttons\UI-MicroButton-Socials-Down.blp
Interface\Buttons\UI-MicroButton-Socials-Up.blp
Interface\Buttons\UI-MicroButton-Spellbook-Down.blp
Interface\Buttons\UI-MicroButton-Spellbook-Up.blp
Interface\Buttons\UI-MicroButton-Talents-Up.blp
Interface\Buttons\UI-MicroButtonCharacter-Down.blp
Interface\Buttons\UI-MicroButtonCharacter-Up.blp
Interface\Buttons\UI-MicroButtonStreamDL-Down.blp
Interface\Buttons\UI-MicroButtonStreamDL-Up.blp
Interface\BUTTONS\UI-MicroStream-Green.blp
Interface\BUTTONS\UI-MicroStream-Red.blp
Interface\BUTTONS\UI-MicroStream-Yellow.blp
Interface\Buttons\UI-Panel-QuestHideButton.blp
Interface\Buttons\UI-Panel-SmallerButton-Up.blp
Interface\Buttons\UI-Quickslot2.blp
Interface\Buttons\UI-RotationLeft-Button-Up.blp
Interface\Buttons\UI-RotationRight-Button-Up.blp
Interface\Buttons\UI-SpellbookIcon-NextPage-Disabled.blp
Interface\Buttons\UI-SpellbookIcon-NextPage-Down.blp
Interface\Buttons\UI-SpellbookIcon-PrevPage-Disabled.blp
Interface\Buttons\UI-SpellbookIcon-PrevPage-Down.blp
Interface\Buttons\UI-SpellbookIcon-PrevPage-Up.blp
Interface\Calendar\CalendarBackground.blp
Interface\Calendar\CalendarEventBackground.blp
Interface\Calendar\CalendarFrame_Sides.blp
Interface\Calendar\CalendarFrame_TopAndBottom.blp
Interface\Calendar\CalendarShadows.blp
Interface\Calendar\CurrentDay.blp
Interface\Calendar\DateBackgrounds.blp
Interface\Calendar\Highlights.blp
Interface\Calendar\UI-Calendar-Button.blp
Interface\ChatFrame\ChatFrameBackground.blp
Interface\ChatFrame\UI-ChatIcon-Chat-Up.blp
Interface\ChatFrame\UI-ChatIcon-ScrollEnd-Up.blp
Interface\ClassTrainerFrame\TrainerTextures.blp
Interface\ClassTrainerFrame\UI-ClassTrainer-BotLeft.blp
Interface\ClassTrainerFrame\UI-ClassTrainer-BotRight.blp
Interface\ClassTrainerFrame\UI-ClassTrainer-DetailHeaderLeft.blp
Interface\ClassTrainerFrame\UI-ClassTrainer-DetailHeaderRight.blp
Interface\ClassTrainerFrame\UI-ClassTrainer-ExpandTab-Left.blp
Interface\ClassTrainerFrame\UI-ClassTrainer-FilterBorder.blp
Interface\ClassTrainerFrame\UI-ClassTrainer-HorizontalBar.blp
Interface\ClassTrainerFrame\UI-ClassTrainer-ScrollBar.blp
Interface\ClassTrainerFrame\UI-ClassTrainer-TopLeft.blp
Interface\ClassTrainerFrame\UI-ClassTrainer-TopRight.blp
Interface\ComboFrame\ComboPoint.blp
Interface\ContainerFrame\UI-Backpack-TokenFrame.blp
Interface\ContainerFrame\UI-BackpackBackground.blp
Interface\ContainerFrame\UI-Bag-Components-Keyring.blp
Interface\ContainerFrame\UI-Icon-QuestBorder.blp
Interface\Cursor\Attack.blp
Interface\Cursor\Buy.blp
Interface\Cursor\Cast.blp
Interface\Cursor\GatherHerbs.blp
Interface\Cursor\Innkeeper.blp
Interface\Cursor\Inspect.blp
Interface\Cursor\Interact.blp
Interface\Cursor\Item.blp
Interface\Cursor\LootAll.blp
Interface\Cursor\Mail.blp
Interface\Cursor\Mine.blp
Interface\Cursor\PickLock.blp
Interface\Cursor\Pickup.blp
Interface\Cursor\Point.blp
Interface\Cursor\Quest.blp
Interface\Cursor\QuestRepeatable.blp
Interface\Cursor\QuestTurnIn.blp
Interface\Cursor\Repair.blp
Interface\Cursor\RepairNPC.blp
Interface\Cursor\Skin.blp
Interface\Cursor\SkinAlliance.blp
Interface\Cursor\SkinHorde.blp
Interface\Cursor\Speak.blp
Interface\Cursor\Taxi.blp
Interface\Cursor\Trainer.blp
Interface\Cursor\UnableAttack.blp
Interface\Cursor\UnableBuy.blp
Interface\Cursor\UnableCast.blp
Interface\Cursor\UnableGatherHerbs.blp
Interface\Cursor\UnableInnkeeper.blp
Interface\Cursor\UnableInspect.blp
Interface\Cursor\UnableInteract.blp
Interface\Cursor\UnableItem.blp
Interface\Cursor\UnableLootAll.blp
Interface\Cursor\UnableMail.blp
Interface\Cursor\UnableMine.blp
Interface\Cursor\UnablePickLock.blp
Interface\Cursor\UnablePickup.blp
Interface\Cursor\UnablePoint.blp
Interface\Cursor\UnableQuest.blp
Interface\Cursor\UnableQuestRepeatable.blp
Interface\Cursor\UnableQuestTurnIn.blp
Interface\Cursor\UnableRepair.blp
Interface\Cursor\UnableRepairNPC.blp
Interface\Cursor\UnableSkin.blp
Interface\Cursor\UnableSkinAlliance.blp
Interface\Cursor\UnableSkinHorde.blp
Interface\Cursor\UnableSpeak.blp
Interface\Cursor\UnableTaxi.blp
Interface\Cursor\UnableTrainer.blp
Interface\Cursor\UnablevehichleCursor.blp
Interface\Cursor\vehichleCursor.blp
Interface\EncounterJournal\UI-EJ-BossModelPaperFrame.blp
Interface\EncounterJournal\UI-EJ-Cataclysm.blp
Interface\EncounterJournal\UI-EJ-JournalBG.blp
Interface\EncounterJournal\UI-EJ-LOREBG-Default.blp
Interface\EncounterJournal\UI-EncounterJournalTextures.blp
Interface\FrameXML\GraphicsQualityLevels.lua
Interface\FrameXML\VideoOptionsPanels.lua
Interface\FrameXML\VideoOptionsPanels.xml
Interface\FriendsFrame\FriendsFrameScrollIcon.blp
Interface\FriendsFrame\UI-ChannelFrame-BotLeft.blp
Interface\FriendsFrame\UI-ChannelFrame-BotRight.blp
Interface\FriendsFrame\UI-ChannelFrame-VerticalBar.blp
Interface\FriendsFrame\UI-FriendsFrame-HighlightBar.blp
Interface\FriendsFrame\UI-FriendsFrameMute-BotLeft-bnet.blp
Interface\FriendsFrame\UI-FriendsFrameMute-BotRight-bnet.blp
Interface\FriendsFrame\WhoFrame-BotLeft.blp
Interface\FriendsFrame\WhoFrame-BotRight.blp
Interface\Glues\loading.blp
Interface\Glues\Models\UI_CharacterSelect\UI_CharactersClouds.BLP
Interface\Glues\Models\UI_CharacterSelect\UI_CharacterSelect.m2
Interface\Glues\Models\UI_CharacterSelect\UI_CharacterSelect00.skin
Interface\Glues\Models\UI_CharacterSelect\UI_CharacterSelectAlphas.BLP
Interface\Glues\Models\UI_CharacterSelect\UI_CharacterSelectTex.BLP
Interface\GlueXML\AccountLogin.lua
Interface\GlueXML\AccountLogin.xml
Interface\GlueXML\AddonList.lua
Interface\GlueXML\AddonList.xml
Interface\GlueXML\AudioOptionsFrame.lua
Interface\GlueXML\AudioOptionsFrame.xml
Interface\GlueXML\AudioOptionsPanels.lua
Interface\GlueXML\AudioOptionsPanels.xml
Interface\GlueXML\CharacterCreate.lua
Interface\GlueXML\CharacterCreate.xml
Interface\GlueXML\CharacterSelect.lua
Interface\GlueXML\CharacterSelect.xml
Interface\GlueXML\CreditsFrame.lua
Interface\GlueXML\CreditsFrame.xml
Interface\GlueXML\GlueBasicControls.xml
Interface\GlueXML\GlueButtons.lua
Interface\GlueXML\GlueButtons.xml
Interface\GlueXML\GlueDialog.lua
Interface\GlueXML\GlueDialog.xml
Interface\GlueXML\GlueDropDownMenu.lua
Interface\GlueXML\GlueDropDownMenu.xml
Interface\GlueXML\GlueDropDownMenuTemplates.xml
Interface\GlueXML\GlueFonts.xml
Interface\GlueXML\GlueFontStyles.xml
Interface\GlueXML\GlueLocalization.lua
Interface\GlueXML\GlueLocalization.xml
Interface\GlueXML\GlueLocalizationPost.lua
Interface\GlueXML\GlueLocalizationPost.xml
Interface\GlueXML\GlueParent.lua
Interface\GlueXML\GlueParent.xml
Interface\GlueXML\GlueSplash.xml
Interface\GlueXML\GlueStrings.lua
Interface\GlueXML\GlueTemplates.lua
Interface\GlueXML\GlueTemplates.xml
Interface\GlueXML\GlueTooltip.lua
Interface\GlueXML\GlueTooltip.xml
Interface\GlueXML\GlueXML.toc
Interface\GlueXML\GlueXML.toc.sig
Interface\GlueXML\MovieFrame.lua
Interface\GlueXML\MovieFrame.xml
Interface\GlueXML\OptionsFrameTemplates.lua
Interface\GlueXML\OptionsFrameTemplates.xml
Interface\GlueXML\OptionsPanelTemplates.lua
Interface\GlueXML\OptionsPanelTemplates.xml
Interface\GlueXML\OptionsSelect.lua
Interface\GlueXML\OptionsSelect.xml
Interface\GlueXML\PatchDownload.lua
Interface\GlueXML\PatchDownload.xml
Interface\GlueXML\RealmList.lua
Interface\GlueXML\RealmList.xml
Interface\GlueXML\RealmWizard.lua
Interface\GlueXML\RealmWizard.xml
Interface\GlueXML\SecurityMatrix.lua
Interface\GlueXML\SecurityMatrix.xml
Interface\GlueXML\TrialConvert.lua
Interface\GlueXML\TrialConvert.xml
Interface\GlueXML\VideoOptionsFrame.lua
Interface\GlueXML\VideoOptionsFrame.xml
Interface\GlueXML\VideoOptionsPanels.lua
Interface\GlueXML\VideoOptionsPanels.xml
Interface\GossipFrame\AvailableQuestIcon.blp
Interface\GuildFrame\GuildEmblemsLG_01.blp
Interface\GuildFrame\GuildFrame.blp
Interface\GuildFrame\GuildInspect-Parts.blp
Interface\HelpFrame\CS_HelpTextures.blp
Interface\HelpFrame\HelpFrame-BotLeftBig.blp
Interface\HelpFrame\HelpFrame-BotRightBig.blp
Interface\HelpFrame\HelpFrame-BottomBig.blp
Interface\HelpFrame\HelpFrameButton-Highlight.blp
Interface\HelpFrame\HelpFrameDivider.blp
Interface\HelpFrame\HelpFrameTab-Active.blp
Interface\HelpFrame\HelpFrameTab-Inactive.blp
Interface\HelpFrame\HotIssueIcon.blp
Interface\ItemTextFrame\UI-ItemText-BotLeft.blp
Interface\ItemTextFrame\UI-ItemText-TopLeft.blp
Interface\KeyBindingFrame\UI-KeyBindingFrame-Bot.blp
Interface\KeyBindingFrame\UI-KeyBindingFrame-BotLeft.blp
Interface\KeyBindingFrame\UI-KeyBindingFrame-BotRight.blp
Interface\KeyBindingFrame\UI-KeyBindingFrame-Top.blp
Interface\KeyBindingFrame\UI-KeyBindingFrame-TopLeft.blp
Interface\KeyBindingFrame\UI-KeyBindingFrame-TopRight.blp
Interface\LevelUp\LevelUpTex.blp
Interface\LFGFrame\UI-LFR-FRAME-BROWSE.blp
Interface\LFGFrame\UI-LFR-FRAME-MAIN.blp
Interface\MacroFrame\MacroFrame-BotLeft.blp
Interface\MacroFrame\MacroFrame-BotRight.blp
Interface\MacroFrame\MacroFrame-Icon.blp
Interface\MacroFrame\MacroPopup-BotLeft.blp
Interface\MacroFrame\MacroPopup-BotRight.blp
Interface\MacroFrame\MacroPopup-TopLeft.blp
Interface\MacroFrame\MacroPopup-TopRight.blp
Interface\MainMenuBar\UI-MainMenu-ScrollDownButton-Up.blp
Interface\MainMenuBar\UI-MainMenu-ScrollUpButton-Up.blp
Interface\MainMenuBar\UI-MainMenuBar-Dwarf.blp
Interface\MainMenuBar\UI-MainMenuBar-EndCap-Dwarf.blp
Interface\MainMenuBar\UI-MainMenuBar-MaxLevel.blp
Interface\MainMenuBar\UI-MainMenuBar-PerformanceBar.blp
Interface\MerchantFrame\UI-BuyBack-Icon.blp
Interface\MerchantFrame\UI-Merchant-BotLeft.blp
Interface\MerchantFrame\UI-Merchant-BotRight.blp
Interface\MerchantFrame\UI-Merchant-BottomBorder.blp
Interface\MerchantFrame\UI-Merchant-LabelSlots.blp
Interface\MerchantFrame\UI-Merchant-TopLeft.blp
Interface\MerchantFrame\UI-Merchant-TopRight.blp
Interface\Minimap\CompassNorthTag.blp
Interface\Minimap\MiniMap-TrackingBorder.blp
Interface\Minimap\MinimapArrow.blp
Interface\Minimap\POIIcons.blp
Interface\Minimap\Tracking\None.blp
Interface\Minimap\UI-Minimap-Background.blp
Interface\Minimap\UI-Minimap-Border.blp
Interface\Minimap\UI-Minimap-ZoomInButton-Up.blp
Interface\Minimap\UI-Minimap-ZoomOutButton-Up.blp
Interface\MoneyFrame\UI-MoneyIcons.blp
Interface\PaperDollInfoFrame\SkillFrame-BotLeft.blp
Interface\PaperDollInfoFrame\SkillFrame-BotRight.blp
Interface\PaperDollInfoFrame\UI-Character-CharacterTab-BottomLeft.blp
Interface\PaperDollInfoFrame\UI-Character-CharacterTab-BottomRight.blp
Interface\PaperDollInfoFrame\UI-Character-CharacterTab-L1.blp
Interface\PaperDollInfoFrame\UI-Character-CharacterTab-R1.blp
Interface\PaperDollInfoFrame\UI-Character-General-BottomLeft.blp
Interface\PaperDollInfoFrame\UI-Character-General-BottomRight.blp
Interface\PaperDollInfoFrame\UI-Character-General-TopLeft.blp
Interface\PaperDollInfoFrame\UI-Character-General-TopRight.blp
Interface\PaperDollInfoFrame\UI-Character-ReputationBar.blp
Interface\PaperDollInfoFrame\UI-Character-ReputationLines.blp
Interface\PaperDollInfoFrame\UI-Character-ResistanceIcons.blp
Interface\PaperDollInfoFrame\UI-Character-Skills-Bar.blp
Interface\PaperDollInfoFrame\UI-Character-Skills-BarBorder.blp
Interface\PaperDollInfoFrame\UI-Character-StatBackground.blp
Interface\PetStableFrame\PetStable-Parts.blp
Interface\PVPFrame\PVP-Conquest-Misc.blp
Interface\PVPFrame\UI-Character-PVP-Elements.blp
Interface\QuestFrame\UI-QuestGreeting-BotLeft.blp
Interface\QuestFrame\UI-QuestGreeting-BotRight-blank.blp
Interface\QuestFrame\UI-QuestGreeting-TopLeft.blp
Interface\QuestFrame\UI-QuestGreeting-TopRight.blp
Interface\QuestFrame\UI-QuestItemNameFrame.blp
Interface\QuestFrame\UI-QuestLog-BookIcon.blp
Interface\QuestFrame\UI-QuestLog-Empty-BotLeft.blp
Interface\QuestFrame\UI-QuestLog-Empty-BotRight.blp
Interface\QuestFrame\UI-QuestLog-Empty-TopLeft.blp
Interface\QuestFrame\UI-QuestLog-Empty-TopRight.blp
Interface\QuestFrame\UI-QuestLogDualPane-Left.blp
Interface\QuestFrame\UI-QuestLogDualPane-RIGHT.blp
Interface\QuestFrame\UI-QuestLogSortTab-Middle.blp
Interface\QuestFrame\UI-QuestLogSortTab-Right.blp
Interface\RaidFrame\UI-RaidFrame-Pets.blp
Interface\Reforging\ReforgingTextures.blp
Interface\Spellbook\Professions-Book-Left.blp
Interface\Spellbook\Professions-Book-Right.blp
Interface\Spellbook\Spellbook-Icon.blp
Interface\SpellBook\SpellBook-SkillLineTab-Glow.blp
Interface\SpellBook\SpellBook-SkillLineTab.blp
Interface\SpellBook\UI-SpellBook-Tab1-Selected.blp
Interface\Spellbook\UI-SpellbookPanel-BotRight.blp
Interface\Spellbook\UI-SpellbookPanel-TopRight.blp
Interface\Stationery\STATIONERYTEST1.blp
Interface\Stationery\STATIONERYTEST2.blp
Interface\TalentFrame\DeathKnightBlood-BottomLeft.blp
Interface\TalentFrame\DeathKnightBlood-BottomRight.blp
Interface\TalentFrame\DeathKnightBlood-TopLeft.blp
Interface\TalentFrame\DeathKnightBlood-TopRight.blp
Interface\TalentFrame\DeathKnightFrost-BottomLeft.blp
Interface\TalentFrame\DeathKnightFrost-BottomRight.blp
Interface\TalentFrame\DeathKnightFrost-TopLeft.blp
Interface\TalentFrame\DeathKnightFrost-TopRight.blp
Interface\TalentFrame\DeathKnightUnholy-BottomLeft.blp
Interface\TalentFrame\DeathKnightUnholy-BottomRight.blp
Interface\TalentFrame\DeathKnightUnholy-TopLeft.blp
Interface\TalentFrame\DeathKnightUnholy-TopRight.blp
Interface\TalentFrame\DruidBalance-BottomLeft.blp
Interface\TalentFrame\DruidBalance-BottomRight.blp
Interface\TalentFrame\DruidBalance-TopLeft.blp
Interface\TalentFrame\DruidBalance-TopRight.blp
Interface\TalentFrame\DruidFeralCombat-BottomLeft.blp
Interface\TalentFrame\DruidFeralCombat-BottomRight.blp
Interface\TalentFrame\DruidFeralCombat-TopLeft.blp
Interface\TalentFrame\DruidFeralCombat-TopRight.blp
Interface\TalentFrame\DruidRestoration-BottomLeft.blp
Interface\TalentFrame\DruidRestoration-BottomRight.blp
Interface\TalentFrame\DruidRestoration-TopLeft.blp
Interface\TalentFrame\DruidRestoration-TopRight.blp
Interface\TalentFrame\HunterBeastMastery-BottomLeft.blp
Interface\TalentFrame\HunterBeastMastery-BottomRight.blp
Interface\TalentFrame\HunterBeastMastery-TopLeft.blp
Interface\TalentFrame\HunterBeastMastery-TopRight.blp
Interface\TalentFrame\HunterMarksmanship-BottomLeft.blp
Interface\TalentFrame\HunterMarksmanship-BottomRight.blp
Interface\TalentFrame\HunterMarksmanship-TopLeft.blp
Interface\TalentFrame\HunterMarksmanship-TopRight.blp
Interface\TalentFrame\HunterPetCunning-BottomLeft.blp
Interface\TalentFrame\HunterPetCunning-BottomRight.blp
Interface\TalentFrame\HunterPetCunning-TopLeft.blp
Interface\TalentFrame\HunterPetCunning-TopRight.blp
Interface\TalentFrame\HunterPetFerocity-BottomLeft.blp
Interface\TalentFrame\HunterPetFerocity-BottomRight.blp
Interface\TalentFrame\HunterPetFerocity-TopLeft.blp
Interface\TalentFrame\HunterPetFerocity-TopRight.blp
Interface\TalentFrame\HunterPetTenacity-BottomLeft.blp
Interface\TalentFrame\HunterPetTenacity-BottomRight.blp
Interface\TalentFrame\HunterPetTenacity-TopLeft.blp
Interface\TalentFrame\HunterPetTenacity-TopRight.blp
Interface\TalentFrame\HunterSurvival-BottomLeft.blp
Interface\TalentFrame\HunterSurvival-BottomRight.blp
Interface\TalentFrame\HunterSurvival-TopLeft.blp
Interface\TalentFrame\HunterSurvival-TopRight.blp
Interface\TalentFrame\MageArcane-BotLeft.blp
Interface\TalentFrame\MageArcane-BottomLeft.blp
Interface\TalentFrame\MageArcane-BottomRight.blp
Interface\TalentFrame\MageArcane-TopLeft.blp
Interface\TalentFrame\MageArcane-TopRight.blp
Interface\TalentFrame\MageFire-BottomLeft.blp
Interface\TalentFrame\MageFire-BottomRight.blp
Interface\TalentFrame\MageFire-TopLeft.blp
Interface\TalentFrame\MageFire-TopRight.blp
Interface\TalentFrame\MageFrost-BottomLeft.blp
Interface\TalentFrame\MageFrost-BottomRight.blp
Interface\TalentFrame\MageFrost-TopLeft.blp
Interface\TalentFrame\MageFrost-TopRight.blp
Interface\TalentFrame\PaladinCombat-BottomLeft.blp
Interface\TalentFrame\PaladinCombat-BottomRight.blp
Interface\TalentFrame\PaladinCombat-TopLeft.blp
Interface\TalentFrame\PaladinCombat-TopRight.blp
Interface\TalentFrame\PaladinHoly-BottomLeft.blp
Interface\TalentFrame\PaladinHoly-BottomRight.blp
Interface\TalentFrame\PaladinHoly-TopLeft.blp
Interface\TalentFrame\PaladinHoly-TopRight.blp
Interface\TalentFrame\PaladinProtection-BottomLeft.blp
Interface\TalentFrame\PaladinProtection-BottomRight.blp
Interface\TalentFrame\PaladinProtection-TopLeft.blp
Interface\TalentFrame\PaladinProtection-TopRight.blp
Interface\TalentFrame\PetTalent-PetBG.blp
Interface\TalentFrame\PetTalent-ShadowOverlay.blp
Interface\TalentFrame\PriestDiscipline-BottomLeft.blp
Interface\TalentFrame\PriestDiscipline-BottomRight.blp
Interface\TalentFrame\PriestDiscipline-TopLeft.blp
Interface\TalentFrame\PriestDiscipline-TopRight.blp
Interface\TalentFrame\PriestHoly-BottomLeft.blp
Interface\TalentFrame\PriestHoly-BottomRight.blp
Interface\TalentFrame\PriestHoly-TopLeft.blp
Interface\TalentFrame\PriestHoly-TopRight.blp
Interface\TalentFrame\PriestShadow-BottomLeft.blp
Interface\TalentFrame\PriestShadow-BottomRight.blp
Interface\TalentFrame\PriestShadow-TopLeft.blp
Interface\TalentFrame\PriestShadow-TopRight.blp
Interface\TalentFrame\RogueAssassination-BottomLeft.blp
Interface\TalentFrame\RogueAssassination-BottomRight.blp
Interface\TalentFrame\RogueAssassination-TopLeft.blp
Interface\TalentFrame\RogueAssassination-TopRight.blp
Interface\TalentFrame\RogueCombat-BottomLeft.blp
Interface\TalentFrame\RogueCombat-BottomRight.blp
Interface\TalentFrame\RogueCombat-TopLeft.blp
Interface\TalentFrame\RogueCombat-TopRight.blp
Interface\TalentFrame\RogueSubtlety-BottomLeft.blp
Interface\TalentFrame\RogueSubtlety-BottomRight.blp
Interface\TalentFrame\RogueSubtlety-TopLeft.blp
Interface\TalentFrame\RogueSubtlety-TopRight.blp
Interface\TalentFrame\ShamanElementalCombat-BottomLeft.blp
Interface\TalentFrame\ShamanElementalCombat-BottomRight.blp
Interface\TalentFrame\ShamanElementalCombat-TopLeft.blp
Interface\TalentFrame\ShamanElementalCombat-TopRight.blp
Interface\TalentFrame\ShamanEnhancement-BottomLeft.blp
Interface\TalentFrame\ShamanEnhancement-BottomRight.blp
Interface\TalentFrame\ShamanEnhancement-TopLeft.blp
Interface\TalentFrame\ShamanEnhancement-TopRight.blp
Interface\TalentFrame\ShamanRestoration-BottomLeft.blp
Interface\TalentFrame\ShamanRestoration-BottomRight.blp
Interface\TalentFrame\ShamanRestoration-TopLeft.blp
Interface\TalentFrame\ShamanRestoration-TopRight.blp
Interface\TalentFrame\TalentFrame-Horizontal.blp
Interface\TalentFrame\UI-TalentBranches.blp
Interface\TalentFrame\WarlockCurses-BottomLeft.blp
Interface\TalentFrame\WarlockCurses-BottomRight.blp
Interface\TalentFrame\WarlockCurses-TopLeft.blp
Interface\TalentFrame\WarlockCurses-TopRight.blp
Interface\TalentFrame\WarlockDestruction-BottomLeft.blp
Interface\TalentFrame\WarlockDestruction-BottomRight.blp
Interface\TalentFrame\WarlockDestruction-TopLeft.blp
Interface\TalentFrame\WarlockDestruction-TopRight.blp
Interface\TalentFrame\WarlockSummoning-BottomLeft.blp
Interface\TalentFrame\WarlockSummoning-BottomRight.blp
Interface\TalentFrame\WarlockSummoning-TopLeft.blp
Interface\TalentFrame\WarlockSummoning-TopRight.blp
Interface\TalentFrame\WarriorArm-BottomLeft.blp
Interface\TalentFrame\WarriorArm-BottomRight.blp
Interface\TalentFrame\WarriorArm-TopLeft.blp
Interface\TalentFrame\WarriorArm-TopRight.blp
Interface\TalentFrame\WarriorArms-BottomLeft.blp
Interface\TalentFrame\WarriorArms-BottomRight.blp
Interface\TalentFrame\WarriorArms-TopLeft.blp
Interface\TalentFrame\WarriorArms-TopRight.blp
Interface\TalentFrame\WarriorFury-BottomLeft.blp
Interface\TalentFrame\WarriorFury-BottomRight.blp
Interface\TalentFrame\WarriorFury-TopLeft.blp
Interface\TalentFrame\WarriorFury-TopRight.blp
Interface\TalentFrame\WarriorProtection-BottomLeft.blp
Interface\TalentFrame\WarriorProtection-BottomRight.blp
Interface\TalentFrame\WarriorProtection-TopLeft.blp
Interface\TalentFrame\WarriorProtection-TopRight.blp
Interface\TargetingFrame\UI-PartyFrame-Flash.blp
Interface\TargetingFrame\UI-PartyFrame.blp
Interface\TargetingFrame\UI-PVP-Horde.blp
Interface\TargetingFrame\UI-StatusBar.blp
Interface\TargetingFrame\UI-TargetingFrame-BarFill.blp
Interface\TargetingFrame\UI-TargetingFrame-Elite.blp
Interface\TargetingFrame\UI-TargetingFrame-LevelBackground.blp
Interface\TargetingFrame\UI-TargetingFrame.blp
Interface\TaxiFrame\TAXIMAP0.blp
Interface\TaxiFrame\TAXIMAP1.blp
Interface\TaxiFrame\TAXIMAP530.blp
Interface\TaxiFrame\TAXIMAP571.blp
Interface\TimeManager\ClockBackground.blp
Interface\TutorialFrame\UI-TUTORIAL-FRAME.blp
Interface\WorldMap\Cosmic\Cosmic-Azeroth-Highlight.blp
Interface\WorldMap\Cosmic\Cosmic-Outland-Highlight.blp
Interface\WorldMap\UI-World-Icon.blp
Interface\WorldMap\UI-WorldMap-Bottom1.blp
Interface\WorldMap\UI-WorldMap-Bottom2.blp
Interface\WorldMap\UI-WorldMap-Bottom3.blp
Interface\WorldMap\UI-WorldMap-Bottom4.blp
Interface\WorldMap\UI-WorldMap-Middle1.blp
Interface\WorldMap\UI-WorldMap-Middle2.blp
Interface\WorldMap\UI-WorldMap-Middle3.blp
Interface\WorldMap\UI-WorldMap-Middle4.blp
Interface\WorldMap\UI-WorldMap-Top1.blp
Interface\WorldMap\UI-WorldMap-Top2.blp
Interface\WorldMap\UI-WorldMap-Top3.blp
Interface\WorldMap\UI-WorldMap-Top4.blp
Interface\WorldMap\UI-WorldMapSmall-Left.blp
Interface\WorldMap\UI-WorldMapSmall-Right.blp